Archive member included to satisfy reference by file (symbol)

c:/Users/nhlan/AppData/Roaming/Code/User/globalStorage/bmd.stm32-for-vscode/@xpack-dev-tools/arm-none-eabi-gcc/14.2.1-1.1.1/.content/bin/../lib/gcc/arm-none-eabi/14.2.1/../../../../arm-none-eabi/lib/thumb/v7e-m+fp/hard\libc_nano.a(libc_a-atexit.o)
                              c:/Users/nhlan/AppData/Roaming/Code/User/globalStorage/bmd.stm32-for-vscode/@xpack-dev-tools/arm-none-eabi-gcc/14.2.1-1.1.1/.content/bin/../lib/gcc/arm-none-eabi/14.2.1/../../../../arm-none-eabi/lib/thumb/v7e-m+fp/hard/crt0.o (atexit)
c:/Users/nhlan/AppData/Roaming/Code/User/globalStorage/bmd.stm32-for-vscode/@xpack-dev-tools/arm-none-eabi-gcc/14.2.1-1.1.1/.content/bin/../lib/gcc/arm-none-eabi/14.2.1/../../../../arm-none-eabi/lib/thumb/v7e-m+fp/hard\libc_nano.a(libc_a-exit.o)
                              c:/Users/nhlan/AppData/Roaming/Code/User/globalStorage/bmd.stm32-for-vscode/@xpack-dev-tools/arm-none-eabi-gcc/14.2.1-1.1.1/.content/bin/../lib/gcc/arm-none-eabi/14.2.1/../../../../arm-none-eabi/lib/thumb/v7e-m+fp/hard/crt0.o (exit)
c:/Users/nhlan/AppData/Roaming/Code/User/globalStorage/bmd.stm32-for-vscode/@xpack-dev-tools/arm-none-eabi-gcc/14.2.1-1.1.1/.content/bin/../lib/gcc/arm-none-eabi/14.2.1/../../../../arm-none-eabi/lib/thumb/v7e-m+fp/hard\libc_nano.a(libc_a-findfp.o)
                              c:/Users/nhlan/AppData/Roaming/Code/User/globalStorage/bmd.stm32-for-vscode/@xpack-dev-tools/arm-none-eabi-gcc/14.2.1-1.1.1/.content/bin/../lib/gcc/arm-none-eabi/14.2.1/../../../../arm-none-eabi/lib/thumb/v7e-m+fp/hard\libc_nano.a(libc_a-exit.o) (__stdio_exit_handler)
c:/Users/nhlan/AppData/Roaming/Code/User/globalStorage/bmd.stm32-for-vscode/@xpack-dev-tools/arm-none-eabi-gcc/14.2.1-1.1.1/.content/bin/../lib/gcc/arm-none-eabi/14.2.1/../../../../arm-none-eabi/lib/thumb/v7e-m+fp/hard\libc_nano.a(libc_a-fwalk.o)
                              c:/Users/nhlan/AppData/Roaming/Code/User/globalStorage/bmd.stm32-for-vscode/@xpack-dev-tools/arm-none-eabi-gcc/14.2.1-1.1.1/.content/bin/../lib/gcc/arm-none-eabi/14.2.1/../../../../arm-none-eabi/lib/thumb/v7e-m+fp/hard\libc_nano.a(libc_a-findfp.o) (_fwalk_sglue)
c:/Users/nhlan/AppData/Roaming/Code/User/globalStorage/bmd.stm32-for-vscode/@xpack-dev-tools/arm-none-eabi-gcc/14.2.1-1.1.1/.content/bin/../lib/gcc/arm-none-eabi/14.2.1/../../../../arm-none-eabi/lib/thumb/v7e-m+fp/hard\libc_nano.a(libc_a-stdio.o)
                              c:/Users/nhlan/AppData/Roaming/Code/User/globalStorage/bmd.stm32-for-vscode/@xpack-dev-tools/arm-none-eabi-gcc/14.2.1-1.1.1/.content/bin/../lib/gcc/arm-none-eabi/14.2.1/../../../../arm-none-eabi/lib/thumb/v7e-m+fp/hard\libc_nano.a(libc_a-findfp.o) (__sread)
c:/Users/nhlan/AppData/Roaming/Code/User/globalStorage/bmd.stm32-for-vscode/@xpack-dev-tools/arm-none-eabi-gcc/14.2.1-1.1.1/.content/bin/../lib/gcc/arm-none-eabi/14.2.1/../../../../arm-none-eabi/lib/thumb/v7e-m+fp/hard\libc_nano.a(libc_a-memset.o)
                              c:/Users/nhlan/AppData/Roaming/Code/User/globalStorage/bmd.stm32-for-vscode/@xpack-dev-tools/arm-none-eabi-gcc/14.2.1-1.1.1/.content/bin/../lib/gcc/arm-none-eabi/14.2.1/../../../../arm-none-eabi/lib/thumb/v7e-m+fp/hard/crt0.o (memset)
c:/Users/nhlan/AppData/Roaming/Code/User/globalStorage/bmd.stm32-for-vscode/@xpack-dev-tools/arm-none-eabi-gcc/14.2.1-1.1.1/.content/bin/../lib/gcc/arm-none-eabi/14.2.1/../../../../arm-none-eabi/lib/thumb/v7e-m+fp/hard\libc_nano.a(libc_a-closer.o)
                              c:/Users/nhlan/AppData/Roaming/Code/User/globalStorage/bmd.stm32-for-vscode/@xpack-dev-tools/arm-none-eabi-gcc/14.2.1-1.1.1/.content/bin/../lib/gcc/arm-none-eabi/14.2.1/../../../../arm-none-eabi/lib/thumb/v7e-m+fp/hard\libc_nano.a(libc_a-stdio.o) (_close_r)
c:/Users/nhlan/AppData/Roaming/Code/User/globalStorage/bmd.stm32-for-vscode/@xpack-dev-tools/arm-none-eabi-gcc/14.2.1-1.1.1/.content/bin/../lib/gcc/arm-none-eabi/14.2.1/../../../../arm-none-eabi/lib/thumb/v7e-m+fp/hard\libc_nano.a(libc_a-reent.o)
                              c:/Users/nhlan/AppData/Roaming/Code/User/globalStorage/bmd.stm32-for-vscode/@xpack-dev-tools/arm-none-eabi-gcc/14.2.1-1.1.1/.content/bin/../lib/gcc/arm-none-eabi/14.2.1/../../../../arm-none-eabi/lib/thumb/v7e-m+fp/hard\libc_nano.a(libc_a-closer.o) (errno)
c:/Users/nhlan/AppData/Roaming/Code/User/globalStorage/bmd.stm32-for-vscode/@xpack-dev-tools/arm-none-eabi-gcc/14.2.1-1.1.1/.content/bin/../lib/gcc/arm-none-eabi/14.2.1/../../../../arm-none-eabi/lib/thumb/v7e-m+fp/hard\libc_nano.a(libc_a-impure.o)
                              c:/Users/nhlan/AppData/Roaming/Code/User/globalStorage/bmd.stm32-for-vscode/@xpack-dev-tools/arm-none-eabi-gcc/14.2.1-1.1.1/.content/bin/../lib/gcc/arm-none-eabi/14.2.1/../../../../arm-none-eabi/lib/thumb/v7e-m+fp/hard\libc_nano.a(libc_a-reent.o) (_impure_ptr)
[...]
Memory Configuration

Name             Origin             Length             Attributes
RAM              0x20000000         0x00020000         xrw
FLASH            0x08000000         0x00040000         xr
*default*        0x00000000         0xffffffff

Linker script and memory map

LOAD c:/Users/nhlan/AppData/Roaming/Code/User/globalStorage/bmd.stm32-for-vscode/@xpack-dev-tools/arm-none-eabi-gcc/14.2.1-1.1.1/.content/bin/../lib/gcc/arm-none-eabi/14.2.1/thumb/v7e-m+fp/hard/crti.o
LOAD c:/Users/nhlan/AppData/Roaming/Code/User/globalStorage/bmd.stm32-for-vscode/@xpack-dev-tools/arm-none-eabi-gcc/14.2.1-1.1.1/.content/bin/../lib/gcc/arm-none-eabi/14.2.1/thumb/v7e-m+fp/hard/crtbegin.o
LOAD c:/Users/nhlan/AppData/Roaming/Code/User/globalStorage/bmd.stm32-for-vscode/@xpack-dev-tools/arm-none-eabi-gcc/14.2.1-1.1.1/.content/bin/../lib/gcc/arm-none-eabi/14.2.1/../../../../arm-none-eabi/lib/thumb/v7e-m+fp/hard/crt0.o
LOAD build/debug/lcd_stm32f4.o
LOAD build/debug/main.o
LOAD build/debug/stm32f4xx_hal.o
LOAD build/debug/stm32f4xx_hal_cortex.o
LOAD build/debug/stm32f4xx_hal_dma.o
LOAD build/debug/stm32f4xx_hal_dma_ex.o
LOAD build/debug/stm32f4xx_hal_exti.o
LOAD build/debug/stm32f4xx_hal_flash.o
LOAD build/debug/stm32f4xx_hal_flash_ex.o
LOAD build/debug/stm32f4xx_hal_flash_ramfunc.o
LOAD build/debug/stm32f4xx_hal_gpio.o
LOAD build/debug/stm32f4xx_hal_msp.o
LOAD build/debug/stm32f4xx_hal_pwr.o
LOAD build/debug/stm32f4xx_hal_pwr_ex.o
LOAD build/debug/stm32f4xx_hal_rcc.o
LOAD build/debug/stm32f4xx_hal_rcc_ex.o
LOAD build/debug/stm32f4xx_hal_tim.o
LOAD build/debug/stm32f4xx_hal_tim_ex.o
LOAD build/debug/stm32f4xx_it.o
LOAD build/debug/syscalls.o
LOAD build/debug/sysmem.o
LOAD build/debug/system_stm32f4xx.o
LOAD build/debug/startup_stm32f446xx.o
LOAD c:/Users/nhlan/AppData/Roaming/Code/User/globalStorage/bmd.stm32-for-vscode/@xpack-dev-tools/arm-none-eabi-gcc/14.2.1-1.1.1/.content/bin/../lib/gcc/arm-none-eabi/14.2.1/../../../../arm-none-eabi/lib/thumb/v7e-m+fp/hard\libc_nano.a
LOAD c:/Users/nhlan/AppData/Roaming/Code/User/globalStorage/bmd.stm32-for-vscode/@xpack-dev-tools/arm-none-eabi-gcc/14.2.1-1.1.1/.content/bin/../lib/gcc/arm-none-eabi/14.2.1/../../../../arm-none-eabi/lib/thumb/v7e-m+fp/hard\libm.a
LOAD c:/Users/nhlan/AppData/Roaming/Code/User/globalStorage/bmd.stm32-for-vscode/@xpack-dev-tools/arm-none-eabi-gcc/14.2.1-1.1.1/.content/bin/../lib/gcc/arm-none-eabi/14.2.1/../../../../arm-none-eabi/lib/thumb/v7e-m+fp/hard\libnosys.a
START GROUP
LOAD c:/Users/nhlan/AppData/Roaming/Code/User/globalStorage/bmd.stm32-for-vscode/@xpack-dev-tools/arm-none-eabi-gcc/14.2.1-1.1.1/.content/bin/../lib/gcc/arm-none-eabi/14.2.1/thumb/v7e-m+fp/hard\libgcc.a
LOAD c:/Users/nhlan/AppData/Roaming/Code/User/globalStorage/bmd.stm32-for-vscode/@xpack-dev-tools/arm-none-eabi-gcc/14.2.1-1.1.1/.content/bin/../lib/gcc/arm-none-eabi/14.2.1/../../../../arm-none-eabi/lib/thumb/v7e-m+fp/hard\libc_nano.a
END GROUP
START GROUP
LOAD c:/Users/nhlan/AppData/Roaming/Code/User/globalStorage/bmd.stm32-for-vscode/@xpack-dev-tools/arm-none-eabi-gcc/14.2.1-1.1.1/.content/bin/../lib/gcc/arm-none-eabi/14.2.1/thumb/v7e-m+fp/hard\libgcc.a
LOAD c:/Users/nhlan/AppData/Roaming/Code/User/globalStorage/bmd.stm32-for-vscode/@xpack-dev-tools/arm-none-eabi-gcc/14.2.1-1.1.1/.content/bin/../lib/gcc/arm-none-eabi/14.2.1/../../../../arm-none-eabi/lib/thumb/v7e-m+fp/hard\libc_nano.a
END GROUP
LOAD c:/Users/nhlan/AppData/Roaming/Code/User/globalStorage/bmd.stm32-for-vscode/@xpack-dev-tools/arm-none-eabi-gcc/14.2.1-1.1.1/.content/bin/../lib/gcc/arm-none-eabi/14.2.1/thumb/v7e-m+fp/hard/crtend.o
LOAD c:/Users/nhlan/AppData/Roaming/Code/User/globalStorage/bmd.stm32-for-vscode/@xpack-dev-tools/arm-none-eabi-gcc/14.2.1-1.1.1/.content/bin/../lib/gcc/arm-none-eabi/14.2.1/thumb/v7e-m+fp/hard/crtn.o
                0x20020000                        _estack = (ORIGIN (RAM) + LENGTH (RAM))
                0x00000200                        _Min_Heap_Size = 0x200
                0x00000400                        _Min_Stack_Size = 0x400

.isr_vector     0x08000000      0x1c4
                0x08000000                        . = ALIGN (0x4)
 *(.isr_vector)
 .isr_vector    0x08000000      0x1c4 build/debug/startup_stm32f446xx.o
                0x08000000                g_pfnVectors
                0x080001c4                        . = ALIGN (0x4)

.text           0x080001c4     0x249c
                0x080001c4                        . = ALIGN (0x4)
 *(.text)
 .text          0x080001c4       0x30 c:/Users/nhlan/AppData/Roaming/Code/User/globalStorage/bmd.stm32-for-vscode/@xpack-dev-tools/arm-none-eabi-gcc/14.2.1-1.1.1/.content/bin/../lib/gcc/arm-none-eabi/14.2.1/thumb/v7e-m+fp/hard\libgcc.a(_aeabi_uldivmod.o)
                0x080001c4                __aeabi_uldivmod
 .text          0x080001f4        0x4 c:/Users/nhlan/AppData/Roaming/Code/User/globalStorage/bmd.stm32-for-vscode/@xpack-dev-tools/arm-none-eabi-gcc/14.2.1-1.1.1/.content/bin/../lib/gcc/arm-none-eabi/14.2.1/thumb/v7e-m+fp/hard\libgcc.a(_dvmd_tls.o)
                0x080001f4                __aeabi_idiv0
                0x080001f4                __aeabi_ldiv0
 *(.text*)
 .text.__do_global_dtors_aux
                0x080001f8       0x24 c:/Users/nhlan/AppData/Roaming/Code/User/globalStorage/bmd.stm32-for-vscode/@xpack-dev-tools/arm-none-eabi-gcc/14.2.1-1.1.1/.content/bin/../lib/gcc/arm-none-eabi/14.2.1/thumb/v7e-m+fp/hard/crtbegin.o
 .text.frame_dummy
                0x0800021c       0x1c c:/Users/nhlan/AppData/Roaming/Code/User/globalStorage/bmd.stm32-for-vscode/@xpack-dev-tools/arm-none-eabi-gcc/14.2.1-1.1.1/.content/bin/../lib/gcc/arm-none-eabi/14.2.1/thumb/v7e-m+fp/hard/crtbegin.o
 .text.delay    0x08000238       0x20 build/debug/lcd_stm32f4.o
                0x08000238                delay
 .text.pulse_strobe
                0x08000258       0x34 build/debug/lcd_stm32f4.o
                0x08000258                pulse_strobe
 .text.lcd_putchar
                0x0800028c      0x108 build/debug/lcd_stm32f4.o
                0x0800028c                lcd_putchar
 .text.lcd_putstring
                0x08000394       0x18 build/debug/lcd_stm32f4.o
                0x08000394                lcd_putstring
 .text.lcd_command
                0x080003ac      0x110 build/debug/lcd_stm32f4.o
                0x080003ac                lcd_command
 .text.init_LCD
                0x080004bc       0x70 build/debug/lcd_stm32f4.o
                0x080004bc                init_LCD
 .text.MX_GPIO_Init
                0x0800052c       0xe4 build/debug/main.o
 .text.MX_DMA_Init
                0x08000610       0x34 build/debug/main.o
 .text.EXTI0_IRQHandler
                0x08000644       0xc0 build/debug/main.o
                0x08000644                EXTI0_IRQHandler
 .text.Error_Handler
                0x08000704        0x4 build/debug/main.o
                0x08000704                Error_Handler
 .text.MX_TIM2_Init
                0x08000708      0x114 build/debug/main.o
 .text.MX_TIM3_Init
                0x0800081c       0xa4 build/debug/main.o
 .text.SystemClock_Config
                0x080008c0       0x8c build/debug/main.o
                0x080008c0                SystemClock_Config
 .text.main     0x0800094c       0x84 build/debug/main.o
                0x0800094c                main
 .text.HAL_InitTick
                0x080009d0       0x4c build/debug/stm32f4xx_hal.o
                0x080009d0                HAL_InitTick
 .text.HAL_Init
                0x08000a1c       0x34 build/debug/stm32f4xx_hal.o
                0x08000a1c                HAL_Init
 .text.HAL_IncTick
                0x08000a50       0x18 build/debug/stm32f4xx_hal.o
                0x08000a50                HAL_IncTick
 .text.HAL_GetTick
                0x08000a68        0xc build/debug/stm32f4xx_hal.o
                0x08000a68                HAL_GetTick
 .text.__NVIC_EnableIRQ
                0x08000a74       0x1c build/debug/stm32f4xx_hal_cortex.o
 .text.__NVIC_SetPriority
                0x08000a90       0x28 build/debug/stm32f4xx_hal_cortex.o
 .text.NVIC_EncodePriority
                0x08000ab8       0x3e build/debug/stm32f4xx_hal_cortex.o
 *fill*         0x08000af6        0x2 
 .text.HAL_NVIC_SetPriorityGrouping
                0x08000af8       0x24 build/debug/stm32f4xx_hal_cortex.o
                0x08000af8                HAL_NVIC_SetPriorityGrouping
 .text.HAL_NVIC_SetPriority
                0x08000b1c       0x20 build/debug/stm32f4xx_hal_cortex.o
                0x08000b1c                HAL_NVIC_SetPriority
 .text.HAL_NVIC_EnableIRQ
                0x08000b3c        0x8 build/debug/stm32f4xx_hal_cortex.o
                0x08000b3c                HAL_NVIC_EnableIRQ
 .text.HAL_SYSTICK_Config
                0x08000b44       0x28 build/debug/stm32f4xx_hal_cortex.o
                0x08000b44                HAL_SYSTICK_Config
 .text.DMA_SetConfig
                0x08000b6c       0x2c build/debug/stm32f4xx_hal_dma.o
 .text.DMA_CalcBaseAndBitshift
                0x08000b98       0x3c build/debug/stm32f4xx_hal_dma.o
 .text.DMA_CheckFifoParam
                0x08000bd4       0x8e build/debug/stm32f4xx_hal_dma.o
 *fill*         0x08000c62        0x2 
 .text.HAL_DMA_Init
                0x08000c64       0xcc build/debug/stm32f4xx_hal_dma.o
                0x08000c64                HAL_DMA_Init
 .text.HAL_DMA_Start_IT
                0x08000d30       0x68 build/debug/stm32f4xx_hal_dma.o
                0x08000d30                HAL_DMA_Start_IT
 .text.HAL_DMA_Abort_IT
                0x08000d98       0x24 build/debug/stm32f4xx_hal_dma.o
                0x08000d98                HAL_DMA_Abort_IT
 .text.HAL_DMA_IRQHandler
                0x08000dbc      0x1dc build/debug/stm32f4xx_hal_dma.o
                0x08000dbc                HAL_DMA_IRQHandler
 .text.HAL_GPIO_Init
                0x08000f98      0x1e0 build/debug/stm32f4xx_hal_gpio.o
                0x08000f98                HAL_GPIO_Init
 .text.HAL_GPIO_WritePin
                0x08001178        0xc build/debug/stm32f4xx_hal_gpio.o
                0x08001178                HAL_GPIO_WritePin
 .text.HAL_GPIO_EXTI_Callback
                0x08001184        0x2 build/debug/stm32f4xx_hal_gpio.o
                0x08001184                HAL_GPIO_EXTI_Callback
 *fill*         0x08001186        0x2 
 .text.HAL_GPIO_EXTI_IRQHandler
                0x08001188       0x1c build/debug/stm32f4xx_hal_gpio.o
                0x08001188                HAL_GPIO_EXTI_IRQHandler
 .text.HAL_MspInit
                0x080011a4       0x38 build/debug/stm32f4xx_hal_msp.o
                0x080011a4                HAL_MspInit
 .text.HAL_TIM_Base_MspInit
                0x080011dc       0x98 build/debug/stm32f4xx_hal_msp.o
                0x080011dc                HAL_TIM_Base_MspInit
 .text.HAL_TIM_MspPostInit
                0x08001274       0x58 build/debug/stm32f4xx_hal_msp.o
                0x08001274                HAL_TIM_MspPostInit
 .text.HAL_RCC_ClockConfig
                0x080012cc      0x160 build/debug/stm32f4xx_hal_rcc.o
                0x080012cc                HAL_RCC_ClockConfig
 .text.HAL_RCC_GetSysClockFreq
                0x0800142c      0x128 build/debug/stm32f4xx_hal_rcc_ex.o
                0x0800142c                HAL_RCC_GetSysClockFreq
 .text.HAL_RCC_OscConfig
                0x08001554      0x444 build/debug/stm32f4xx_hal_rcc_ex.o
                0x08001554                HAL_RCC_OscConfig
 .text.TIM_OC1_SetConfig
                0x08001998       0x70 build/debug/stm32f4xx_hal_tim.o
 .text.TIM_OC3_SetConfig
                0x08001a08       0x70 build/debug/stm32f4xx_hal_tim.o
 .text.TIM_OC4_SetConfig
                0x08001a78       0x50 build/debug/stm32f4xx_hal_tim.o
 .text.TIM_TI1_ConfigInputStage
                0x08001ac8       0x26 build/debug/stm32f4xx_hal_tim.o
 .text.TIM_TI2_ConfigInputStage
                0x08001aee       0x28 build/debug/stm32f4xx_hal_tim.o
 .text.TIM_ITRx_SetConfig
                0x08001b16       0x10 build/debug/stm32f4xx_hal_tim.o
 .text.HAL_TIM_OC_MspInit
                0x08001b26        0x2 build/debug/stm32f4xx_hal_tim.o
                0x08001b26                HAL_TIM_OC_MspInit
 .text.HAL_TIM_PWM_MspInit
                0x08001b28        0x2 build/debug/stm32f4xx_hal_tim.o
                0x08001b28                HAL_TIM_PWM_MspInit
 *fill*         0x08001b2a        0x2 
 .text.TIM_Base_SetConfig
                0x08001b2c       0xd0 build/debug/stm32f4xx_hal_tim.o
                0x08001b2c                TIM_Base_SetConfig
 .text.HAL_TIM_Base_Init
                0x08001bfc       0x58 build/debug/stm32f4xx_hal_tim.o
                0x08001bfc                HAL_TIM_Base_Init
 .text.HAL_TIM_OC_Init
                0x08001c54       0x58 build/debug/stm32f4xx_hal_tim.o
                0x08001c54                HAL_TIM_OC_Init
 .text.HAL_TIM_PWM_Init
                0x08001cac       0x58 build/debug/stm32f4xx_hal_tim.o
                0x08001cac                HAL_TIM_PWM_Init
 .text.TIM_OC2_SetConfig
                0x08001d04       0x70 build/debug/stm32f4xx_hal_tim.o
                0x08001d04                TIM_OC2_SetConfig
 .text.HAL_TIM_OC_ConfigChannel
                0x08001d74       0x5e build/debug/stm32f4xx_hal_tim.o
                0x08001d74                HAL_TIM_OC_ConfigChannel
 .text.HAL_TIM_PWM_ConfigChannel
                0x08001dd2       0xdc build/debug/stm32f4xx_hal_tim.o
                0x08001dd2                HAL_TIM_PWM_ConfigChannel
 .text.TIM_ETR_SetConfig
                0x08001eae       0x1a build/debug/stm32f4xx_hal_tim.o
                0x08001eae                TIM_ETR_SetConfig
 .text.HAL_TIM_ConfigClockSource
                0x08001ec8       0xfe build/debug/stm32f4xx_hal_tim.o
                0x08001ec8                HAL_TIM_ConfigClockSource
 .text.TIM_CCxChannelCmd
                0x08001fc6       0x1e build/debug/stm32f4xx_hal_tim.o
                0x08001fc6                TIM_CCxChannelCmd
 .text.HAL_TIM_OC_Start
                0x08001fe4       0xfc build/debug/stm32f4xx_hal_tim.o
                0x08001fe4                HAL_TIM_OC_Start
 .text.HAL_TIM_PWM_Start
                0x080020e0       0xfc build/debug/stm32f4xx_hal_tim.o
                0x080020e0                HAL_TIM_PWM_Start
 .text.HAL_TIMEx_MasterConfigSynchronization
                0x080021dc       0x8c build/debug/stm32f4xx_hal_tim_ex.o
                0x080021dc                HAL_TIMEx_MasterConfigSynchronization
 .text.NMI_Handler
                0x08002268        0x2 build/debug/stm32f4xx_it.o
                0x08002268                NMI_Handler
 .text.HardFault_Handler
                0x0800226a        0x2 build/debug/stm32f4xx_it.o
                0x0800226a                HardFault_Handler
 .text.MemManage_Handler
                0x0800226c        0x2 build/debug/stm32f4xx_it.o
                0x0800226c                MemManage_Handler
 .text.BusFault_Handler
                0x0800226e        0x2 build/debug/stm32f4xx_it.o
                0x0800226e                BusFault_Handler
 .text.UsageFault_Handler
                0x08002270        0x2 build/debug/stm32f4xx_it.o
                0x08002270                UsageFault_Handler
 .text.SVC_Handler
                0x08002272        0x2 build/debug/stm32f4xx_it.o
                0x08002272                SVC_Handler
 .text.DebugMon_Handler
                0x08002274        0x2 build/debug/stm32f4xx_it.o
                0x08002274                DebugMon_Handler
 .text.PendSV_Handler
                0x08002276        0x2 build/debug/stm32f4xx_it.o
                0x08002276                PendSV_Handler
 .text.SysTick_Handler
                0x08002278        0x8 build/debug/stm32f4xx_it.o
                0x08002278                SysTick_Handler
 .text.DMA1_Stream5_IRQHandler
                0x08002280       0x10 build/debug/stm32f4xx_it.o
                0x08002280                DMA1_Stream5_IRQHandler
 .text.SystemInit
                0x08002290       0x14 build/debug/system_stm32f4xx.o
                0x08002290                SystemInit
 .text.Reset_Handler
                0x080022a4       0x50 build/debug/startup_stm32f446xx.o
                0x080022a4                Reset_Handler
 .text.Default_Handler
                0x080022f4        0x2 build/debug/startup_stm32f446xx.o
                0x080022f4                RTC_Alarm_IRQHandler
                0x080022f4                EXTI2_IRQHandler
                0x080022f4                TIM8_CC_IRQHandler
                0x080022f4                FMPI2C1_EV_IRQHandler
                0x080022f4                SPI4_IRQHandler
                0x080022f4                TIM1_CC_IRQHandler
                0x080022f4                DMA2_Stream5_IRQHandler
                0x080022f4                PVD_IRQHandler
                0x080022f4                SDIO_IRQHandler
                0x080022f4                TAMP_STAMP_IRQHandler
                0x080022f4                CAN2_RX1_IRQHandler
                0x080022f4                EXTI3_IRQHandler
                0x080022f4                TIM8_TRG_COM_TIM14_IRQHandler
                0x080022f4                TIM1_UP_TIM10_IRQHandler
                0x080022f4                TIM8_UP_TIM13_IRQHandler
                0x080022f4                I2C3_ER_IRQHandler
                0x080022f4                I2C2_EV_IRQHandler
                0x080022f4                DMA1_Stream2_IRQHandler
                0x080022f4                CAN1_RX0_IRQHandler
                0x080022f4                FPU_IRQHandler
                0x080022f4                OTG_HS_WKUP_IRQHandler
                0x080022f4                CAN2_SCE_IRQHandler
                0x080022f4                DMA2_Stream2_IRQHandler
                0x080022f4                SPI1_IRQHandler
                0x080022f4                TIM6_DAC_IRQHandler
                0x080022f4                TIM1_BRK_TIM9_IRQHandler
                0x080022f4                DCMI_IRQHandler
                0x080022f4                CAN2_RX0_IRQHandler
                0x080022f4                DMA2_Stream3_IRQHandler
                0x080022f4                SAI2_IRQHandler
                0x080022f4                USART6_IRQHandler
                0x080022f4                USART3_IRQHandler
                0x080022f4                CAN1_RX1_IRQHandler
                0x080022f4                UART5_IRQHandler
                0x080022f4                DMA2_Stream0_IRQHandler
                0x080022f4                TIM4_IRQHandler
                0x080022f4                QUADSPI_IRQHandler
                0x080022f4                I2C1_EV_IRQHandler
                0x080022f4                DMA1_Stream6_IRQHandler
                0x080022f4                DMA1_Stream1_IRQHandler
                0x080022f4                UART4_IRQHandler
                0x080022f4                TIM3_IRQHandler
                0x080022f4                RCC_IRQHandler
                0x080022f4                TIM8_BRK_TIM12_IRQHandler
                0x080022f4                Default_Handler
                0x080022f4                CEC_IRQHandler
                0x080022f4                EXTI15_10_IRQHandler
                0x080022f4                ADC_IRQHandler
                0x080022f4                DMA1_Stream7_IRQHandler
                0x080022f4                TIM7_IRQHandler
                0x080022f4                CAN2_TX_IRQHandler
                0x080022f4                TIM5_IRQHandler
                0x080022f4                DMA2_Stream7_IRQHandler
                0x080022f4                I2C3_EV_IRQHandler
                0x080022f4                EXTI9_5_IRQHandler
                0x080022f4                RTC_WKUP_IRQHandler
                0x080022f4                SPDIF_RX_IRQHandler
                0x080022f4                SPI2_IRQHandler
                0x080022f4                OTG_HS_EP1_IN_IRQHandler
                0x080022f4                DMA1_Stream0_IRQHandler
                0x080022f4                CAN1_TX_IRQHandler
                0x080022f4                FMPI2C1_ER_IRQHandler
                0x080022f4                EXTI4_IRQHandler
                0x080022f4                OTG_HS_EP1_OUT_IRQHandler
                0x080022f4                WWDG_IRQHandler
                0x080022f4                TIM2_IRQHandler
                0x080022f4                OTG_FS_WKUP_IRQHandler
                0x080022f4                TIM1_TRG_COM_TIM11_IRQHandler
                0x080022f4                OTG_HS_IRQHandler
                0x080022f4                EXTI1_IRQHandler
                0x080022f4                USART2_IRQHandler
                0x080022f4                I2C2_ER_IRQHandler
                0x080022f4                DMA2_Stream1_IRQHandler
                0x080022f4                CAN1_SCE_IRQHandler
                0x080022f4                FLASH_IRQHandler
                0x080022f4                DMA2_Stream4_IRQHandler
                0x080022f4                USART1_IRQHandler
                0x080022f4                OTG_FS_IRQHandler
                0x080022f4                SPI3_IRQHandler
                0x080022f4                DMA1_Stream4_IRQHandler
                0x080022f4                I2C1_ER_IRQHandler
                0x080022f4                FMC_IRQHandler
                0x080022f4                DMA2_Stream6_IRQHandler
                0x080022f4                SAI1_IRQHandler
                0x080022f4                DMA1_Stream3_IRQHandler
 .text.memset   0x080022f6       0x10 c:/Users/nhlan/AppData/Roaming/Code/User/globalStorage/bmd.stm32-for-vscode/@xpack-dev-tools/arm-none-eabi-gcc/14.2.1-1.1.1/.content/bin/../lib/gcc/arm-none-eabi/14.2.1/../../../../arm-none-eabi/lib/thumb/v7e-m+fp/hard\libc_nano.a(libc_a-memset.o)
                0x080022f6                memset
 *fill*         0x08002306        0x2 
 .text.__libc_init_array
                0x08002308       0x48 c:/Users/nhlan/AppData/Roaming/Code/User/globalStorage/bmd.stm32-for-vscode/@xpack-dev-tools/arm-none-eabi-gcc/14.2.1-1.1.1/.content/bin/../lib/gcc/arm-none-eabi/14.2.1/../../../../arm-none-eabi/lib/thumb/v7e-m+fp/hard\libc_nano.a(libc_a-init.o)
                0x08002308                __libc_init_array
 .text.__udivmoddi4
                0x08002350      0x2f8 c:/Users/nhlan/AppData/Roaming/Code/User/globalStorage/bmd.stm32-for-vscode/@xpack-dev-tools/arm-none-eabi-gcc/14.2.1-1.1.1/.content/bin/../lib/gcc/arm-none-eabi/14.2.1/thumb/v7e-m+fp/hard\libgcc.a(_udivmoddi4.o)
                0x08002350                __udivmoddi4
 *(.glue_7)
 .glue_7        0x08002648        0x0 linker stubs
 *(.glue_7t)
 .glue_7t       0x08002648        0x0 linker stubs
 *(.eh_frame)
 .eh_frame      0x08002648        0x0 c:/Users/nhlan/AppData/Roaming/Code/User/globalStorage/bmd.stm32-for-vscode/@xpack-dev-tools/arm-none-eabi-gcc/14.2.1-1.1.1/.content/bin/../lib/gcc/arm-none-eabi/14.2.1/thumb/v7e-m+fp/hard/crtbegin.o
 *(.init)
 .init          0x08002648        0x4 c:/Users/nhlan/AppData/Roaming/Code/User/globalStorage/bmd.stm32-for-vscode/@xpack-dev-tools/arm-none-eabi-gcc/14.2.1-1.1.1/.content/bin/../lib/gcc/arm-none-eabi/14.2.1/thumb/v7e-m+fp/hard/crti.o
                0x08002648                _init
 .init          0x0800264c        0x8 c:/Users/nhlan/AppData/Roaming/Code/User/globalStorage/bmd.stm32-for-vscode/@xpack-dev-tools/arm-none-eabi-gcc/14.2.1-1.1.1/.content/bin/../lib/gcc/arm-none-eabi/14.2.1/thumb/v7e-m+fp/hard/crtn.o
 *(.fini)
 .fini          0x08002654        0x4 c:/Users/nhlan/AppData/Roaming/Code/User/globalStorage/bmd.stm32-for-vscode/@xpack-dev-tools/arm-none-eabi-gcc/14.2.1-1.1.1/.content/bin/../lib/gcc/arm-none-eabi/14.2.1/thumb/v7e-m+fp/hard/crti.o
                0x08002654                _fini
 .fini          0x08002658        0x8 c:/Users/nhlan/AppData/Roaming/Code/User/globalStorage/bmd.stm32-for-vscode/@xpack-dev-tools/arm-none-eabi-gcc/14.2.1-1.1.1/.content/bin/../lib/gcc/arm-none-eabi/14.2.1/thumb/v7e-m+fp/hard/crtn.o
                0x08002660                        . = ALIGN (0x4)
                0x08002660                        _etext = .

.vfp11_veneer   0x08002660        0x0
 .vfp11_veneer  0x08002660        0x0 linker stubs

.v4_bx          0x08002660        0x0
 .v4_bx         0x08002660        0x0 linker stubs

.iplt           0x08002660        0x0
 .iplt          0x08002660        0x0 c:/Users/nhlan/AppData/Roaming/Code/User/globalStorage/bmd.stm32-for-vscode/@xpack-dev-tools/arm-none-eabi-gcc/14.2.1-1.1.1/.content/bin/../lib/gcc/arm-none-eabi/14.2.1/thumb/v7e-m+fp/hard/crtbegin.o

.rodata         0x08002660       0x68
                0x08002660                        . = ALIGN (0x4)
 *(.rodata)
 *(.rodata*)
 .rodata.EXTI0_IRQHandler.str1.4
                0x08002660       0x4d build/debug/main.o
                                  0xa (size before relaxing)
 .rodata.main.str1.4
                0x080026ad       0x11 build/debug/main.o
 .rodata.str1.4
                0x080026ad       0x2d build/debug/main.o
 *fill*         0x080026ad        0x3 
 .rodata.flagBitshiftOffset.0
                0x080026b0        0x8 build/debug/stm32f4xx_hal_dma.o
 .rodata.AHBPrescTable
                0x080026b8       0x10 build/debug/system_stm32f4xx.o
                0x080026b8                AHBPrescTable
                0x080026c8                        . = ALIGN (0x4)

.ARM.extab      0x080026c8        0x0
                0x080026c8                        . = ALIGN (0x4)
 *(.ARM.extab* .gnu.linkonce.armextab.*)
                0x080026c8                        . = ALIGN (0x4)

.ARM            0x080026c8        0x8
                0x080026c8                        . = ALIGN (0x4)
                0x080026c8                        __exidx_start = .
 *(.ARM.exidx*)
 .ARM.exidx.text.__udivmoddi4
                0x080026c8        0x8 c:/Users/nhlan/AppData/Roaming/Code/User/globalStorage/bmd.stm32-for-vscode/@xpack-dev-tools/arm-none-eabi-gcc/14.2.1-1.1.1/.content/bin/../lib/gcc/arm-none-eabi/14.2.1/thumb/v7e-m+fp/hard\libgcc.a(_udivmoddi4.o)
                0x080026d0                        __exidx_end = .
                0x080026d0                        . = ALIGN (0x4)

.preinit_array  0x080026d0        0x0
                0x080026d0                        . = ALIGN (0x4)
                0x080026d0                        PROVIDE (__preinit_array_start = .)
 *(.preinit_array*)
                0x080026d0                        PROVIDE (__preinit_array_end = .)
                0x080026d0                        . = ALIGN (0x4)

.init_array     0x080026d0        0x4
                0x080026d0                        . = ALIGN (0x4)
                0x080026d0                        PROVIDE (__init_array_start = .)
 *(SORT_BY_NAME(.init_array.*))
 *(.init_array*)
 .init_array    0x080026d0        0x4 c:/Users/nhlan/AppData/Roaming/Code/User/globalStorage/bmd.stm32-for-vscode/@xpack-dev-tools/arm-none-eabi-gcc/14.2.1-1.1.1/.content/bin/../lib/gcc/arm-none-eabi/14.2.1/thumb/v7e-m+fp/hard/crtbegin.o
                0x080026d4                        PROVIDE (__init_array_end = .)
                0x080026d4                        . = ALIGN (0x4)

.fini_array     0x080026d4        0x4
                0x080026d4                        . = ALIGN (0x4)
                0x080026d4                        PROVIDE (__fini_array_start = .)
 *(SORT_BY_NAME(.fini_array.*))
 *(.fini_array*)
 .fini_array    0x080026d4        0x4 c:/Users/nhlan/AppData/Roaming/Code/User/globalStorage/bmd.stm32-for-vscode/@xpack-dev-tools/arm-none-eabi-gcc/14.2.1-1.1.1/.content/bin/../lib/gcc/arm-none-eabi/14.2.1/thumb/v7e-m+fp/hard/crtbegin.o
                0x080026d8                        PROVIDE (__fini_array_end = .)
                0x080026d8                        . = ALIGN (0x4)
                0x080026d8                        _sidata = LOADADDR (.data)

.rel.dyn        0x080026d8        0x0
 .rel.iplt      0x080026d8        0x0 c:/Users/nhlan/AppData/Roaming/Code/User/globalStorage/bmd.stm32-for-vscode/@xpack-dev-tools/arm-none-eabi-gcc/14.2.1-1.1.1/.content/bin/../lib/gcc/arm-none-eabi/14.2.1/thumb/v7e-m+fp/hard/crtbegin.o

.data           0x20000000     0x1e44 load address 0x080026d8
                0x20000000                        . = ALIGN (0x4)
                0x20000000                        _sdata = .
 *(.data)
 *(.data*)
 .data.waveNames
                0x20000000       0x18 build/debug/main.o
                0x20000000                waveNames
 .data.waveforms
                0x20000018       0x18 build/debug/main.o
                0x20000018                waveforms
 .data.DestAddress
                0x20000030        0x4 build/debug/main.o
                0x20000030                DestAddress
 .data.TIM2_Ticks
                0x20000034        0x4 build/debug/main.o
                0x20000034                TIM2_Ticks
 .data.Drum_LUT
                0x20000038      0x800 build/debug/main.o
                0x20000038                Drum_LUT
 .data.Guitar_LUT
                0x20000838      0x800 build/debug/main.o
                0x20000838                Guitar_LUT
 .data.Piano_LUT
                0x20001038      0x800 build/debug/main.o
                0x20001038                Piano_LUT
 .data.Triangle_LUT
                0x20001838      0x200 build/debug/main.o
                0x20001838                Triangle_LUT
 .data.Saw_LUT  0x20001a38      0x200 build/debug/main.o
                0x20001a38                Saw_LUT
 .data.Sin_LUT  0x20001c38      0x200 build/debug/main.o
                0x20001c38                Sin_LUT
 .data.uwTickFreq
                0x20001e38        0x1 build/debug/stm32f4xx_hal.o
                0x20001e38                uwTickFreq
 *fill*         0x20001e39        0x3 
 .data.uwTickPrio
                0x20001e3c        0x4 build/debug/stm32f4xx_hal.o
                0x20001e3c                uwTickPrio
 .data.SystemCoreClock
                0x20001e40        0x4 build/debug/system_stm32f4xx.o
                0x20001e40                SystemCoreClock
 *(.RamFunc)
 *(.RamFunc*)
                0x20001e44                        . = ALIGN (0x4)
                0x20001e44                        _edata = .

.igot.plt       0x20001e44        0x0 load address 0x0800451c
 .igot.plt      0x20001e44        0x0 c:/Users/nhlan/AppData/Roaming/Code/User/globalStorage/bmd.stm32-for-vscode/@xpack-dev-tools/arm-none-eabi-gcc/14.2.1-1.1.1/.content/bin/../lib/gcc/arm-none-eabi/14.2.1/thumb/v7e-m+fp/hard/crtbegin.o
                0x20001e44                        . = ALIGN (0x4)

.bss            0x20001e44      0x118 load address 0x0800451c
                0x20001e44                        _sbss = .
                0x20001e44                        __bss_start__ = _sbss
 *(.bss)
 *(.bss*)
 .bss.completed.1
                0x20001e44        0x1 c:/Users/nhlan/AppData/Roaming/Code/User/globalStorage/bmd.stm32-for-vscode/@xpack-dev-tools/arm-none-eabi-gcc/14.2.1-1.1.1/.content/bin/../lib/gcc/arm-none-eabi/14.2.1/thumb/v7e-m+fp/hard/crtbegin.o
 *fill*         0x20001e45        0x3 
 .bss.object.0  0x20001e48       0x18 c:/Users/nhlan/AppData/Roaming/Code/User/globalStorage/bmd.stm32-for-vscode/@xpack-dev-tools/arm-none-eabi-gcc/14.2.1-1.1.1/.content/bin/../lib/gcc/arm-none-eabi/14.2.1/thumb/v7e-m+fp/hard/crtbegin.o
 .bss.currentWave
                0x20001e60        0x1 build/debug/main.o
                0x20001e60                currentWave
 *fill*         0x20001e61        0x3 
 .bss.lastDebounceTick
                0x20001e64        0x4 build/debug/main.o
                0x20001e64                lastDebounceTick
 .bss.hdma_tim2_ch1
                0x20001e68       0x60 build/debug/main.o
                0x20001e68                hdma_tim2_ch1
 .bss.htim3     0x20001ec8       0x48 build/debug/main.o
                0x20001ec8                htim3
 .bss.htim2     0x20001f10       0x48 build/debug/main.o
                0x20001f10                htim2
 .bss.uwTick    0x20001f58        0x4 build/debug/stm32f4xx_hal.o
                0x20001f58                uwTick
 *(COMMON)
                0x20001f5c                        . = ALIGN (0x4)
                0x20001f5c                        _ebss = .
                0x20001f5c                        __bss_end__ = _ebss

._user_heap_stack
                0x20001f5c      0x604 load address 0x0800451c
                0x20001f60                        . = ALIGN (0x8)
 *fill*         0x20001f5c        0x4 
                [!provide]                        PROVIDE (end = .)
                0x20001f60                        PROVIDE (_end = .)
                0x20002160                        . = (. + _Min_Heap_Size)
 *fill*         0x20001f60      0x200 
                0x20002560                        . = (. + _Min_Stack_Size)
 *fill*         0x20002160      0x400 
                0x20002560                        . = ALIGN (0x8)

/DISCARD/
 libc.a(*)
 libm.a(*)
 libgcc.a(*)
OUTPUT(build/debug/Practical_4.elf elf32-littlearm)
LOAD linker stubs
LOAD c:/Users/nhlan/AppData/Roaming/Code/User/globalStorage/bmd.stm32-for-vscode/@xpack-dev-tools/arm-none-eabi-gcc/14.2.1-1.1.1/.content/bin/../lib/gcc/arm-none-eabi/14.2.1/../../../../arm-none-eabi/lib/thumb/v7e-m+fp/hard\libc.a
LOAD c:/Users/nhlan/AppData/Roaming/Code/User/globalStorage/bmd.stm32-for-vscode/@xpack-dev-tools/arm-none-eabi-gcc/14.2.1-1.1.1/.content/bin/../lib/gcc/arm-none-eabi/14.2.1/../../../../arm-none-eabi/lib/thumb/v7e-m+fp/hard\libm.a
LOAD c:/Users/nhlan/AppData/Roaming/Code/User/globalStorage/bmd.stm32-for-vscode/@xpack-dev-tools/arm-none-eabi-gcc/14.2.1-1.1.1/.content/bin/../lib/gcc/arm-none-eabi/14.2.1/thumb/v7e-m+fp/hard\libgcc.a

.ARM.attributes
                0x00000000       0x30
 .ARM.attributes
                0x00000000       0x22 c:/Users/nhlan/AppData/Roaming/Code/User/globalStorage/bmd.stm32-for-vscode/@xpack-dev-tools/arm-none-eabi-gcc/14.2.1-1.1.1/.content/bin/../lib/gcc/arm-none-eabi/14.2.1/thumb/v7e-m+fp/hard/crti.o
 .ARM.attributes
                0x00000022       0x34 c:/Users/nhlan/AppData/Roaming/Code/User/globalStorage/bmd.stm32-for-vscode/@xpack-dev-tools/arm-none-eabi-gcc/14.2.1-1.1.1/.content/bin/../lib/gcc/arm-none-eabi/14.2.1/thumb/v7e-m+fp/hard/crtbegin.o
 .ARM.attributes
                0x00000056       0x34 build/debug/lcd_stm32f4.o
 .ARM.attributes
                0x0000008a       0x34 build/debug/main.o
 .ARM.attributes
                0x000000be       0x34 build/debug/stm32f4xx_hal.o
 .ARM.attributes
                0x000000f2       0x34 build/debug/stm32f4xx_hal_cortex.o
 .ARM.attributes
                0x00000126       0x34 build/debug/stm32f4xx_hal_dma.o
 .ARM.attributes
                0x0000015a       0x34 build/debug/stm32f4xx_hal_gpio.o
 .ARM.attributes
                0x0000018e       0x34 build/debug/stm32f4xx_hal_msp.o
 .ARM.attributes
                0x000001c2       0x34 build/debug/stm32f4xx_hal_rcc.o
 .ARM.attributes
                0x000001f6       0x34 build/debug/stm32f4xx_hal_rcc_ex.o
 .ARM.attributes
                0x0000022a       0x34 build/debug/stm32f4xx_hal_tim.o
 .ARM.attributes
                0x0000025e       0x34 build/debug/stm32f4xx_hal_tim_ex.o
 .ARM.attributes
                0x00000292       0x34 build/debug/stm32f4xx_it.o
 .ARM.attributes
                0x000002c6       0x34 build/debug/system_stm32f4xx.o
 .ARM.attributes
                0x000002fa       0x21 build/debug/startup_stm32f446xx.o
 .ARM.attributes
                0x0000031b       0x34 c:/Users/nhlan/AppData/Roaming/Code/User/globalStorage/bmd.stm32-for-vscode/@xpack-dev-tools/arm-none-eabi-gcc/14.2.1-1.1.1/.content/bin/../lib/gcc/arm-none-eabi/14.2.1/../../../../arm-none-eabi/lib/thumb/v7e-m+fp/hard\libc_nano.a(libc_a-memset.o)
 .ARM.attributes
                0x0000034f       0x34 c:/Users/nhlan/AppData/Roaming/Code/User/globalStorage/bmd.stm32-for-vscode/@xpack-dev-tools/arm-none-eabi-gcc/14.2.1-1.1.1/.content/bin/../lib/gcc/arm-none-eabi/14.2.1/../../../../arm-none-eabi/lib/thumb/v7e-m+fp/hard\libc_nano.a(libc_a-init.o)
 .ARM.attributes
                0x00000383       0x22 c:/Users/nhlan/AppData/Roaming/Code/User/globalStorage/bmd.stm32-for-vscode/@xpack-dev-tools/arm-none-eabi-gcc/14.2.1-1.1.1/.content/bin/../lib/gcc/arm-none-eabi/14.2.1/thumb/v7e-m+fp/hard\libgcc.a(_aeabi_uldivmod.o)
 .ARM.attributes
                0x000003a5       0x34 c:/Users/nhlan/AppData/Roaming/Code/User/globalStorage/bmd.stm32-for-vscode/@xpack-dev-tools/arm-none-eabi-gcc/14.2.1-1.1.1/.content/bin/../lib/gcc/arm-none-eabi/14.2.1/thumb/v7e-m+fp/hard\libgcc.a(_udivmoddi4.o)
 .ARM.attributes
                0x000003d9       0x22 c:/Users/nhlan/AppData/Roaming/Code/User/globalStorage/bmd.stm32-for-vscode/@xpack-dev-tools/arm-none-eabi-gcc/14.2.1-1.1.1/.content/bin/../lib/gcc/arm-none-eabi/14.2.1/thumb/v7e-m+fp/hard\libgcc.a(_dvmd_tls.o)
 .ARM.attributes
                0x000003fb       0x22 c:/Users/nhlan/AppData/Roaming/Code/User/globalStorage/bmd.stm32-for-vscode/@xpack-dev-tools/arm-none-eabi-gcc/14.2.1-1.1.1/.content/bin/../lib/gcc/arm-none-eabi/14.2.1/thumb/v7e-m+fp/hard/crtn.o

.comment        0x00000000       0x39
 .comment       0x00000000       0x39 c:/Users/nhlan/AppData/Roaming/Code/User/globalStorage/bmd.stm32-for-vscode/@xpack-dev-tools/arm-none-eabi-gcc/14.2.1-1.1.1/.content/bin/../lib/gcc/arm-none-eabi/14.2.1/thumb/v7e-m+fp/hard/crtbegin.o
                                 0x3a (size before relaxing)
 .comment       0x00000039       0x3a build/debug/lcd_stm32f4.o
 .comment       0x00000039       0x3a build/debug/main.o
 .comment       0x00000039       0x3a build/debug/stm32f4xx_hal.o
 .comment       0x00000039       0x3a build/debug/stm32f4xx_hal_cortex.o
 .comment       0x00000039       0x3a build/debug/stm32f4xx_hal_dma.o
 .comment       0x00000039       0x3a build/debug/stm32f4xx_hal_gpio.o
 .comment       0x00000039       0x3a build/debug/stm32f4xx_hal_msp.o
 .comment       0x00000039       0x3a build/debug/stm32f4xx_hal_rcc.o
 .comment       0x00000039       0x3a build/debug/stm32f4xx_hal_rcc_ex.o
 .comment       0x00000039       0x3a build/debug/stm32f4xx_hal_tim.o
 .comment       0x00000039       0x3a build/debug/stm32f4xx_hal_tim_ex.o
 .comment       0x00000039       0x3a build/debug/stm32f4xx_it.o
 .comment       0x00000039       0x3a build/debug/system_stm32f4xx.o
 .comment       0x00000039       0x3a c:/Users/nhlan/AppData/Roaming/Code/User/globalStorage/bmd.stm32-for-vscode/@xpack-dev-tools/arm-none-eabi-gcc/14.2.1-1.1.1/.content/bin/../lib/gcc/arm-none-eabi/14.2.1/../../../../arm-none-eabi/lib/thumb/v7e-m+fp/hard\libc_nano.a(libc_a-memset.o)
 .comment       0x00000039       0x3a c:/Users/nhlan/AppData/Roaming/Code/User/globalStorage/bmd.stm32-for-vscode/@xpack-dev-tools/arm-none-eabi-gcc/14.2.1-1.1.1/.content/bin/../lib/gcc/arm-none-eabi/14.2.1/../../../../arm-none-eabi/lib/thumb/v7e-m+fp/hard\libc_nano.a(libc_a-init.o)
 .comment       0x00000039       0x3a c:/Users/nhlan/AppData/Roaming/Code/User/globalStorage/bmd.stm32-for-vscode/@xpack-dev-tools/arm-none-eabi-gcc/14.2.1-1.1.1/.content/bin/../lib/gcc/arm-none-eabi/14.2.1/thumb/v7e-m+fp/hard\libgcc.a(_udivmoddi4.o)

.debug_info     0x00000000     0xd567
 .debug_info    0x00000000      0x55f build/debug/lcd_stm32f4.o
 .debug_info    0x0000055f     0x1980 build/debug/main.o
 .debug_info    0x00001edf      0xa38 build/debug/stm32f4xx_hal.o
 .debug_info    0x00002917     0x1013 build/debug/stm32f4xx_hal_cortex.o
 .debug_info    0x0000392a      0xad9 build/debug/stm32f4xx_hal_dma.o
 .debug_info    0x00004403      0x74c build/debug/stm32f4xx_hal_gpio.o
 .debug_info    0x00004b4f      0xb1e build/debug/stm32f4xx_hal_msp.o
 .debug_info    0x0000566d      0xabd build/debug/stm32f4xx_hal_rcc.o
 .debug_info    0x0000612a      0xc59 build/debug/stm32f4xx_hal_rcc_ex.o
 .debug_info    0x00006d83     0x3c53 build/debug/stm32f4xx_hal_tim.o
 .debug_info    0x0000a9d6     0x1ade build/debug/stm32f4xx_hal_tim_ex.o
 .debug_info    0x0000c4b4      0x3c1 build/debug/stm32f4xx_it.o
 .debug_info    0x0000c875      0x55f build/debug/system_stm32f4xx.o
 .debug_info    0x0000cdd4       0x30 build/debug/startup_stm32f446xx.o
 .debug_info    0x0000ce04       0x24 c:/Users/nhlan/AppData/Roaming/Code/User/globalStorage/bmd.stm32-for-vscode/@xpack-dev-tools/arm-none-eabi-gcc/14.2.1-1.1.1/.content/bin/../lib/gcc/arm-none-eabi/14.2.1/thumb/v7e-m+fp/hard\libgcc.a(_aeabi_uldivmod.o)
 .debug_info    0x0000ce28      0x703 c:/Users/nhlan/AppData/Roaming/Code/User/globalStorage/bmd.stm32-for-vscode/@xpack-dev-tools/arm-none-eabi-gcc/14.2.1-1.1.1/.content/bin/../lib/gcc/arm-none-eabi/14.2.1/thumb/v7e-m+fp/hard\libgcc.a(_udivmoddi4.o)
 .debug_info    0x0000d52b       0x3c c:/Users/nhlan/AppData/Roaming/Code/User/globalStorage/bmd.stm32-for-vscode/@xpack-dev-tools/arm-none-eabi-gcc/14.2.1-1.1.1/.content/bin/../lib/gcc/arm-none-eabi/14.2.1/thumb/v7e-m+fp/hard\libgcc.a(_dvmd_tls.o)

.debug_abbrev   0x00000000     0x1f68
 .debug_abbrev  0x00000000      0x16b build/debug/lcd_stm32f4.o
 .debug_abbrev  0x0000016b      0x305 build/debug/main.o
 .debug_abbrev  0x00000470      0x240 build/debug/stm32f4xx_hal.o
 .debug_abbrev  0x000006b0      0x391 build/debug/stm32f4xx_hal_cortex.o
 .debug_abbrev  0x00000a41      0x2c0 build/debug/stm32f4xx_hal_dma.o
 .debug_abbrev  0x00000d01      0x202 build/debug/stm32f4xx_hal_gpio.o
 .debug_abbrev  0x00000f03      0x210 build/debug/stm32f4xx_hal_msp.o
 .debug_abbrev  0x00001113      0x2c7 build/debug/stm32f4xx_hal_rcc.o
 .debug_abbrev  0x000013da      0x256 build/debug/stm32f4xx_hal_rcc_ex.o
 .debug_abbrev  0x00001630      0x271 build/debug/stm32f4xx_hal_tim.o
 .debug_abbrev  0x000018a1      0x26f build/debug/stm32f4xx_hal_tim_ex.o
 .debug_abbrev  0x00001b10      0x172 build/debug/stm32f4xx_it.o
 .debug_abbrev  0x00001c82      0x11e build/debug/system_stm32f4xx.o
 .debug_abbrev  0x00001da0       0x24 build/debug/startup_stm32f446xx.o
 .debug_abbrev  0x00001dc4       0x14 c:/Users/nhlan/AppData/Roaming/Code/User/globalStorage/bmd.stm32-for-vscode/@xpack-dev-tools/arm-none-eabi-gcc/14.2.1-1.1.1/.content/bin/../lib/gcc/arm-none-eabi/14.2.1/thumb/v7e-m+fp/hard\libgcc.a(_aeabi_uldivmod.o)
 .debug_abbrev  0x00001dd8      0x16a c:/Users/nhlan/AppData/Roaming/Code/User/globalStorage/bmd.stm32-for-vscode/@xpack-dev-tools/arm-none-eabi-gcc/14.2.1-1.1.1/.content/bin/../lib/gcc/arm-none-eabi/14.2.1/thumb/v7e-m+fp/hard\libgcc.a(_udivmoddi4.o)
 .debug_abbrev  0x00001f42       0x26 c:/Users/nhlan/AppData/Roaming/Code/User/globalStorage/bmd.stm32-for-vscode/@xpack-dev-tools/arm-none-eabi-gcc/14.2.1-1.1.1/.content/bin/../lib/gcc/arm-none-eabi/14.2.1/thumb/v7e-m+fp/hard\libgcc.a(_dvmd_tls.o)

.debug_loclists
                0x00000000     0x786b
 .debug_loclists
                0x00000000       0xbb build/debug/lcd_stm32f4.o
 .debug_loclists
                0x000000bb       0x20 build/debug/main.o
 .debug_loclists
                0x000000db       0xe1 build/debug/stm32f4xx_hal.o
 .debug_loclists
                0x000001bc      0x54d build/debug/stm32f4xx_hal_cortex.o
 .debug_loclists
                0x00000709      0x88a build/debug/stm32f4xx_hal_dma.o
 .debug_loclists
                0x00000f93      0x386 build/debug/stm32f4xx_hal_gpio.o
 .debug_loclists
                0x00001319       0xae build/debug/stm32f4xx_hal_msp.o
 .debug_loclists
                0x000013c7      0x3db build/debug/stm32f4xx_hal_rcc.o
 .debug_loclists
                0x000017a2      0x981 build/debug/stm32f4xx_hal_rcc_ex.o
 .debug_loclists
                0x00002123     0x37c1 build/debug/stm32f4xx_hal_tim.o
 .debug_loclists
                0x000058e4     0x1402 build/debug/stm32f4xx_hal_tim_ex.o
 .debug_loclists
                0x00006ce6       0x70 build/debug/system_stm32f4xx.o
 .debug_loclists
                0x00006d56      0xb15 c:/Users/nhlan/AppData/Roaming/Code/User/globalStorage/bmd.stm32-for-vscode/@xpack-dev-tools/arm-none-eabi-gcc/14.2.1-1.1.1/.content/bin/../lib/gcc/arm-none-eabi/14.2.1/thumb/v7e-m+fp/hard\libgcc.a(_udivmoddi4.o)

.debug_aranges  0x00000000      0xb08
 .debug_aranges
                0x00000000       0x58 build/debug/lcd_stm32f4.o
 .debug_aranges
                0x00000058       0x58 build/debug/main.o
 .debug_aranges
                0x000000b0       0xf0 build/debug/stm32f4xx_hal.o
 .debug_aranges
                0x000001a0       0xf8 build/debug/stm32f4xx_hal_cortex.o
 .debug_aranges
                0x00000298       0x90 build/debug/stm32f4xx_hal_dma.o
 .debug_aranges
                0x00000328       0x58 build/debug/stm32f4xx_hal_gpio.o
 .debug_aranges
                0x00000380       0x38 build/debug/stm32f4xx_hal_msp.o
 .debug_aranges
                0x000003b8       0x88 build/debug/stm32f4xx_hal_rcc.o
 .debug_aranges
                0x00000440       0x78 build/debug/stm32f4xx_hal_rcc_ex.o
 .debug_aranges
                0x000004b8      0x3d0 build/debug/stm32f4xx_hal_tim.o
 .debug_aranges
                0x00000888      0x168 build/debug/stm32f4xx_hal_tim_ex.o
 .debug_aranges
                0x000009f0       0x68 build/debug/stm32f4xx_it.o
 .debug_aranges
                0x00000a58       0x28 build/debug/system_stm32f4xx.o
 .debug_aranges
                0x00000a80       0x28 build/debug/startup_stm32f446xx.o
 .debug_aranges
                0x00000aa8       0x20 c:/Users/nhlan/AppData/Roaming/Code/User/globalStorage/bmd.stm32-for-vscode/@xpack-dev-tools/arm-none-eabi-gcc/14.2.1-1.1.1/.content/bin/../lib/gcc/arm-none-eabi/14.2.1/thumb/v7e-m+fp/hard\libgcc.a(_aeabi_uldivmod.o)
 .debug_aranges
                0x00000ac8       0x20 c:/Users/nhlan/AppData/Roaming/Code/User/globalStorage/bmd.stm32-for-vscode/@xpack-dev-tools/arm-none-eabi-gcc/14.2.1-1.1.1/.content/bin/../lib/gcc/arm-none-eabi/14.2.1/thumb/v7e-m+fp/hard\libgcc.a(_udivmoddi4.o)
 .debug_aranges
                0x00000ae8       0x20 c:/Users/nhlan/AppData/Roaming/Code/User/globalStorage/bmd.stm32-for-vscode/@xpack-dev-tools/arm-none-eabi-gcc/14.2.1-1.1.1/.content/bin/../lib/gcc/arm-none-eabi/14.2.1/thumb/v7e-m+fp/hard\libgcc.a(_dvmd_tls.o)

.debug_rnglists
                0x00000000      0x8c9
 .debug_rnglists
                0x00000000       0x3f build/debug/lcd_stm32f4.o
 .debug_rnglists
                0x0000003f       0x43 build/debug/main.o
 .debug_rnglists
                0x00000082       0xaf build/debug/stm32f4xx_hal.o
 .debug_rnglists
                0x00000131       0xb5 build/debug/stm32f4xx_hal_cortex.o
 .debug_rnglists
                0x000001e6       0x6c build/debug/stm32f4xx_hal_dma.o
 .debug_rnglists
                0x00000252       0x3f build/debug/stm32f4xx_hal_gpio.o
 .debug_rnglists
                0x00000291       0x26 build/debug/stm32f4xx_hal_msp.o
 .debug_rnglists
                0x000002b7       0x75 build/debug/stm32f4xx_hal_rcc.o
 .debug_rnglists
                0x0000032c       0x6b build/debug/stm32f4xx_hal_rcc_ex.o
 .debug_rnglists
                0x00000397      0x302 build/debug/stm32f4xx_hal_tim.o
 .debug_rnglists
                0x00000699      0x11b build/debug/stm32f4xx_hal_tim_ex.o
 .debug_rnglists
                0x000007b4       0x49 build/debug/stm32f4xx_it.o
 .debug_rnglists
                0x000007fd       0x1a build/debug/system_stm32f4xx.o
 .debug_rnglists
                0x00000817       0x19 build/debug/startup_stm32f446xx.o
 .debug_rnglists
                0x00000830       0x99 c:/Users/nhlan/AppData/Roaming/Code/User/globalStorage/bmd.stm32-for-vscode/@xpack-dev-tools/arm-none-eabi-gcc/14.2.1-1.1.1/.content/bin/../lib/gcc/arm-none-eabi/14.2.1/thumb/v7e-m+fp/hard\libgcc.a(_udivmoddi4.o)

.debug_line     0x00000000     0xc764
 .debug_line    0x00000000      0x570 build/debug/lcd_stm32f4.o
 .debug_line    0x00000570      0x75c build/debug/main.o
 .debug_line    0x00000ccc      0x60f build/debug/stm32f4xx_hal.o
 .debug_line    0x000012db      0x8d2 build/debug/stm32f4xx_hal_cortex.o
 .debug_line    0x00001bad      0xec8 build/debug/stm32f4xx_hal_dma.o
 .debug_line    0x00002a75      0x789 build/debug/stm32f4xx_hal_gpio.o
 .debug_line    0x000031fe      0x3d9 build/debug/stm32f4xx_hal_msp.o
 .debug_line    0x000035d7      0xc78 build/debug/stm32f4xx_hal_rcc.o
 .debug_line    0x0000424f     0x151f build/debug/stm32f4xx_hal_rcc_ex.o
 .debug_line    0x0000576e     0x47bd build/debug/stm32f4xx_hal_tim.o
 .debug_line    0x00009f2b     0x1aef build/debug/stm32f4xx_hal_tim_ex.o
 .debug_line    0x0000ba1a      0x322 build/debug/stm32f4xx_it.o
 .debug_line    0x0000bd3c      0x2f5 build/debug/system_stm32f4xx.o
 .debug_line    0x0000c031       0x76 build/debug/startup_stm32f446xx.o
 .debug_line    0x0000c0a7       0x4e c:/Users/nhlan/AppData/Roaming/Code/User/globalStorage/bmd.stm32-for-vscode/@xpack-dev-tools/arm-none-eabi-gcc/14.2.1-1.1.1/.content/bin/../lib/gcc/arm-none-eabi/14.2.1/thumb/v7e-m+fp/hard\libgcc.a(_aeabi_uldivmod.o)
 .debug_line    0x0000c0f5      0x625 c:/Users/nhlan/AppData/Roaming/Code/User/globalStorage/bmd.stm32-for-vscode/@xpack-dev-tools/arm-none-eabi-gcc/14.2.1-1.1.1/.content/bin/../lib/gcc/arm-none-eabi/14.2.1/thumb/v7e-m+fp/hard\libgcc.a(_udivmoddi4.o)
 .debug_line    0x0000c71a       0x4a c:/Users/nhlan/AppData/Roaming/Code/User/globalStorage/bmd.stm32-for-vscode/@xpack-dev-tools/arm-none-eabi-gcc/14.2.1-1.1.1/.content/bin/../lib/gcc/arm-none-eabi/14.2.1/thumb/v7e-m+fp/hard\libgcc.a(_dvmd_tls.o)

.debug_str      0x00000000     0x4068
 .debug_str     0x00000000     0x4068 build/debug/lcd_stm32f4.o
                                0x39a (size before relaxing)
 .debug_str     0x00004068     0x1394 build/debug/main.o
 .debug_str     0x00004068      0xbc4 build/debug/stm32f4xx_hal.o
 .debug_str     0x00004068      0xcb0 build/debug/stm32f4xx_hal_cortex.o
 .debug_str     0x00004068      0x770 build/debug/stm32f4xx_hal_dma.o
 .debug_str     0x00004068      0x4ff build/debug/stm32f4xx_hal_gpio.o
 .debug_str     0x00004068      0x956 build/debug/stm32f4xx_hal_msp.o
 .debug_str     0x00004068      0x72a build/debug/stm32f4xx_hal_rcc.o
 .debug_str     0x00004068      0x811 build/debug/stm32f4xx_hal_rcc_ex.o
 .debug_str     0x00004068     0x16f9 build/debug/stm32f4xx_hal_tim.o
 .debug_str     0x00004068      0xf05 build/debug/stm32f4xx_hal_tim_ex.o
 .debug_str     0x00004068      0x4c2 build/debug/stm32f4xx_it.o
 .debug_str     0x00004068      0x394 build/debug/system_stm32f4xx.o
 .debug_str     0x00004068       0x78 build/debug/startup_stm32f446xx.o
 .debug_str     0x00004068      0x13a c:/Users/nhlan/AppData/Roaming/Code/User/globalStorage/bmd.stm32-for-vscode/@xpack-dev-tools/arm-none-eabi-gcc/14.2.1-1.1.1/.content/bin/../lib/gcc/arm-none-eabi/14.2.1/thumb/v7e-m+fp/hard\libgcc.a(_aeabi_uldivmod.o)
 .debug_str     0x00004068      0x753 c:/Users/nhlan/AppData/Roaming/Code/User/globalStorage/bmd.stm32-for-vscode/@xpack-dev-tools/arm-none-eabi-gcc/14.2.1-1.1.1/.content/bin/../lib/gcc/arm-none-eabi/14.2.1/thumb/v7e-m+fp/hard\libgcc.a(_udivmoddi4.o)
 .debug_str     0x00004068      0x15a c:/Users/nhlan/AppData/Roaming/Code/User/globalStorage/bmd.stm32-for-vscode/@xpack-dev-tools/arm-none-eabi-gcc/14.2.1-1.1.1/.content/bin/../lib/gcc/arm-none-eabi/14.2.1/thumb/v7e-m+fp/hard\libgcc.a(_dvmd_tls.o)

.debug_frame    0x00000000     0x1be0
 .debug_frame   0x00000000       0xd4 build/debug/lcd_stm32f4.o
 .debug_frame   0x000000d4       0xfc build/debug/main.o
 .debug_frame   0x000001d0      0x1ec build/debug/stm32f4xx_hal.o
 .debug_frame   0x000003bc      0x214 build/debug/stm32f4xx_hal_cortex.o
 .debug_frame   0x000005d0      0x188 build/debug/stm32f4xx_hal_dma.o
 .debug_frame   0x00000758       0xd8 build/debug/stm32f4xx_hal_gpio.o
 .debug_frame   0x00000830       0x80 build/debug/stm32f4xx_hal_msp.o
 .debug_frame   0x000008b0      0x16c build/debug/stm32f4xx_hal_rcc.o
 .debug_frame   0x00000a1c      0x14c build/debug/stm32f4xx_hal_rcc_ex.o
 .debug_frame   0x00000b68      0xb10 build/debug/stm32f4xx_hal_tim.o
 .debug_frame   0x00001678      0x418 build/debug/stm32f4xx_hal_tim_ex.o
 .debug_frame   0x00001a90       0xc0 build/debug/stm32f4xx_it.o
 .debug_frame   0x00001b50       0x30 build/debug/system_stm32f4xx.o
 .debug_frame   0x00001b80       0x2c c:/Users/nhlan/AppData/Roaming/Code/User/globalStorage/bmd.stm32-for-vscode/@xpack-dev-tools/arm-none-eabi-gcc/14.2.1-1.1.1/.content/bin/../lib/gcc/arm-none-eabi/14.2.1/thumb/v7e-m+fp/hard\libgcc.a(_aeabi_uldivmod.o)
 .debug_frame   0x00001bac       0x34 c:/Users/nhlan/AppData/Roaming/Code/User/globalStorage/bmd.stm32-for-vscode/@xpack-dev-tools/arm-none-eabi-gcc/14.2.1-1.1.1/.content/bin/../lib/gcc/arm-none-eabi/14.2.1/thumb/v7e-m+fp/hard\libgcc.a(_udivmoddi4.o)

.debug_line_str
                0x00000000      0x194
 .debug_line_str
                0x00000000      0x194 build/debug/startup_stm32f446xx.o
                                 0x5c (size before relaxing)
 .debug_line_str
                0x00000194      0x12c c:/Users/nhlan/AppData/Roaming/Code/User/globalStorage/bmd.stm32-for-vscode/@xpack-dev-tools/arm-none-eabi-gcc/14.2.1-1.1.1/.content/bin/../lib/gcc/arm-none-eabi/14.2.1/thumb/v7e-m+fp/hard\libgcc.a(_aeabi_uldivmod.o)
 .debug_line_str
                0x00000194      0x130 c:/Users/nhlan/AppData/Roaming/Code/User/globalStorage/bmd.stm32-for-vscode/@xpack-dev-tools/arm-none-eabi-gcc/14.2.1-1.1.1/.content/bin/../lib/gcc/arm-none-eabi/14.2.1/thumb/v7e-m+fp/hard\libgcc.a(_dvmd_tls.o)

Cross Reference Table

Symbol                                            File
ADC_IRQHandler                                    build/debug/startup_stm32f446xx.o
AHBPrescTable                                     build/debug/system_stm32f4xx.o
                                                  build/debug/stm32f4xx_hal_rcc.o
APBPrescTable                                     build/debug/system_stm32f4xx.o
                                                  build/debug/stm32f4xx_hal_rcc.o
BusFault_Handler                                  build/debug/stm32f4xx_it.o
CAN1_RX0_IRQHandler                               build/debug/startup_stm32f446xx.o
CAN1_RX1_IRQHandler                               build/debug/startup_stm32f446xx.o
CAN1_SCE_IRQHandler                               build/debug/startup_stm32f446xx.o
CAN1_TX_IRQHandler                                build/debug/startup_stm32f446xx.o
CAN2_RX0_IRQHandler                               build/debug/startup_stm32f446xx.o
CAN2_RX1_IRQHandler                               build/debug/startup_stm32f446xx.o
CAN2_SCE_IRQHandler                               build/debug/startup_stm32f446xx.o
CAN2_TX_IRQHandler                                build/debug/startup_stm32f446xx.o
CEC_IRQHandler                                    build/debug/startup_stm32f446xx.o
DCMI_IRQHandler                                   build/debug/startup_stm32f446xx.o
DMA1_Stream0_IRQHandler                           build/debug/startup_stm32f446xx.o
DMA1_Stream1_IRQHandler                           build/debug/startup_stm32f446xx.o
DMA1_Stream2_IRQHandler                           build/debug/startup_stm32f446xx.o
DMA1_Stream3_IRQHandler                           build/debug/startup_stm32f446xx.o
DMA1_Stream4_IRQHandler                           build/debug/startup_stm32f446xx.o
DMA1_Stream5_IRQHandler                           build/debug/stm32f4xx_it.o
DMA1_Stream6_IRQHandler                           build/debug/startup_stm32f446xx.o
DMA1_Stream7_IRQHandler                           build/debug/startup_stm32f446xx.o
DMA2_Stream0_IRQHandler                           build/debug/startup_stm32f446xx.o
DMA2_Stream1_IRQHandler                           build/debug/startup_stm32f446xx.o
DMA2_Stream2_IRQHandler                           build/debug/startup_stm32f446xx.o
DMA2_Stream3_IRQHandler                           build/debug/startup_stm32f446xx.o
DMA2_Stream4_IRQHandler                           build/debug/startup_stm32f446xx.o
DMA2_Stream5_IRQHandler                           build/debug/startup_stm32f446xx.o
DMA2_Stream6_IRQHandler                           build/debug/startup_stm32f446xx.o
DMA2_Stream7_IRQHandler                           build/debug/startup_stm32f446xx.o
DebugMon_Handler                                  build/debug/stm32f4xx_it.o
Default_Handler                                   build/debug/startup_stm32f446xx.o
DestAddress                                       build/debug/main.o
Drum_LUT                                          build/debug/main.o
EXTI0_IRQHandler                                  build/debug/main.o
EXTI15_10_IRQHandler                              build/debug/startup_stm32f446xx.o
EXTI1_IRQHandler                                  build/debug/startup_stm32f446xx.o
EXTI2_IRQHandler                                  build/debug/startup_stm32f446xx.o
EXTI3_IRQHandler                                  build/debug/startup_stm32f446xx.o
EXTI4_IRQHandler                                  build/debug/startup_stm32f446xx.o
EXTI9_5_IRQHandler                                build/debug/startup_stm32f446xx.o
Error_Handler                                     build/debug/main.o
                                                  build/debug/stm32f4xx_hal_msp.o
FLASH_Erase_Sector                                build/debug/stm32f4xx_hal_flash_ex.o
                                                  build/debug/stm32f4xx_hal_flash.o
FLASH_FlushCaches                                 build/debug/stm32f4xx_hal_flash_ex.o
                                                  build/debug/stm32f4xx_hal_flash.o
FLASH_IRQHandler                                  build/debug/startup_stm32f446xx.o
FLASH_WaitForLastOperation                        build/debug/stm32f4xx_hal_flash.o
                                                  build/debug/stm32f4xx_hal_flash_ex.o
FMC_IRQHandler                                    build/debug/startup_stm32f446xx.o
FMPI2C1_ER_IRQHandler                             build/debug/startup_stm32f446xx.o
FMPI2C1_EV_IRQHandler                             build/debug/startup_stm32f446xx.o
FPU_IRQHandler                                    build/debug/startup_stm32f446xx.o
Guitar_LUT                                        build/debug/main.o
HAL_CORTEX_ClearEvent                             build/debug/stm32f4xx_hal_cortex.o
HAL_DBGMCU_DisableDBGSleepMode                    build/debug/stm32f4xx_hal.o
HAL_DBGMCU_DisableDBGStandbyMode                  build/debug/stm32f4xx_hal.o
HAL_DBGMCU_DisableDBGStopMode                     build/debug/stm32f4xx_hal.o
HAL_DBGMCU_EnableDBGSleepMode                     build/debug/stm32f4xx_hal.o
HAL_DBGMCU_EnableDBGStandbyMode                   build/debug/stm32f4xx_hal.o
HAL_DBGMCU_EnableDBGStopMode                      build/debug/stm32f4xx_hal.o
HAL_DMAEx_ChangeMemory                            build/debug/stm32f4xx_hal_dma_ex.o
HAL_DMAEx_MultiBufferStart                        build/debug/stm32f4xx_hal_dma_ex.o
HAL_DMAEx_MultiBufferStart_IT                     build/debug/stm32f4xx_hal_dma_ex.o
HAL_DMA_Abort                                     build/debug/stm32f4xx_hal_dma.o
HAL_DMA_Abort_IT                                  build/debug/stm32f4xx_hal_dma.o
                                                  build/debug/stm32f4xx_hal_tim_ex.o
                                                  build/debug/stm32f4xx_hal_tim.o
                                                  build/debug/main.o
HAL_DMA_DeInit                                    build/debug/stm32f4xx_hal_dma.o
                                                  build/debug/stm32f4xx_hal_msp.o
HAL_DMA_GetError                                  build/debug/stm32f4xx_hal_dma.o
HAL_DMA_GetState                                  build/debug/stm32f4xx_hal_dma.o
HAL_DMA_IRQHandler                                build/debug/stm32f4xx_hal_dma.o
                                                  build/debug/stm32f4xx_it.o
HAL_DMA_Init                                      build/debug/stm32f4xx_hal_dma.o
                                                  build/debug/stm32f4xx_hal_msp.o
                                                  build/debug/main.o
HAL_DMA_PollForTransfer                           build/debug/stm32f4xx_hal_dma.o
HAL_DMA_RegisterCallback                          build/debug/stm32f4xx_hal_dma.o
HAL_DMA_Start                                     build/debug/stm32f4xx_hal_dma.o
HAL_DMA_Start_IT                                  build/debug/stm32f4xx_hal_dma.o
                                                  build/debug/stm32f4xx_hal_tim_ex.o
                                                  build/debug/stm32f4xx_hal_tim.o
                                                  build/debug/main.o
HAL_DMA_UnRegisterCallback                        build/debug/stm32f4xx_hal_dma.o
HAL_DeInit                                        build/debug/stm32f4xx_hal.o
HAL_Delay                                         build/debug/stm32f4xx_hal.o
HAL_DisableCompensationCell                       build/debug/stm32f4xx_hal.o
HAL_EXTI_ClearConfigLine                          build/debug/stm32f4xx_hal_exti.o
HAL_EXTI_ClearPending                             build/debug/stm32f4xx_hal_exti.o
HAL_EXTI_GenerateSWI                              build/debug/stm32f4xx_hal_exti.o
HAL_EXTI_GetConfigLine                            build/debug/stm32f4xx_hal_exti.o
HAL_EXTI_GetHandle                                build/debug/stm32f4xx_hal_exti.o
HAL_EXTI_GetPending                               build/debug/stm32f4xx_hal_exti.o
HAL_EXTI_IRQHandler                               build/debug/stm32f4xx_hal_exti.o
HAL_EXTI_RegisterCallback                         build/debug/stm32f4xx_hal_exti.o
HAL_EXTI_SetConfigLine                            build/debug/stm32f4xx_hal_exti.o
HAL_EnableCompensationCell                        build/debug/stm32f4xx_hal.o
HAL_FLASHEx_AdvOBGetConfig                        build/debug/stm32f4xx_hal_flash_ex.o
HAL_FLASHEx_AdvOBProgram                          build/debug/stm32f4xx_hal_flash_ex.o
HAL_FLASHEx_DisableFlashSleepMode                 build/debug/stm32f4xx_hal_flash_ramfunc.o
HAL_FLASHEx_EnableFlashSleepMode                  build/debug/stm32f4xx_hal_flash_ramfunc.o
HAL_FLASHEx_Erase                                 build/debug/stm32f4xx_hal_flash_ex.o
HAL_FLASHEx_Erase_IT                              build/debug/stm32f4xx_hal_flash_ex.o
HAL_FLASHEx_OBGetConfig                           build/debug/stm32f4xx_hal_flash_ex.o
HAL_FLASHEx_OBProgram                             build/debug/stm32f4xx_hal_flash_ex.o
HAL_FLASHEx_OB_DeSelectPCROP                      build/debug/stm32f4xx_hal_flash_ex.o
HAL_FLASHEx_OB_SelectPCROP                        build/debug/stm32f4xx_hal_flash_ex.o
HAL_FLASHEx_StartFlashInterfaceClk                build/debug/stm32f4xx_hal_flash_ramfunc.o
HAL_FLASHEx_StopFlashInterfaceClk                 build/debug/stm32f4xx_hal_flash_ramfunc.o
HAL_FLASH_EndOfOperationCallback                  build/debug/stm32f4xx_hal_flash.o
HAL_FLASH_GetError                                build/debug/stm32f4xx_hal_flash.o
HAL_FLASH_IRQHandler                              build/debug/stm32f4xx_hal_flash.o
HAL_FLASH_Lock                                    build/debug/stm32f4xx_hal_flash.o
HAL_FLASH_OB_Launch                               build/debug/stm32f4xx_hal_flash.o
HAL_FLASH_OB_Lock                                 build/debug/stm32f4xx_hal_flash.o
HAL_FLASH_OB_Unlock                               build/debug/stm32f4xx_hal_flash.o
HAL_FLASH_OperationErrorCallback                  build/debug/stm32f4xx_hal_flash.o
HAL_FLASH_Program                                 build/debug/stm32f4xx_hal_flash.o
HAL_FLASH_Program_IT                              build/debug/stm32f4xx_hal_flash.o
HAL_FLASH_Unlock                                  build/debug/stm32f4xx_hal_flash.o
HAL_GPIO_DeInit                                   build/debug/stm32f4xx_hal_gpio.o
HAL_GPIO_EXTI_Callback                            build/debug/stm32f4xx_hal_gpio.o
HAL_GPIO_EXTI_IRQHandler                          build/debug/stm32f4xx_hal_gpio.o
                                                  build/debug/main.o
HAL_GPIO_Init                                     build/debug/stm32f4xx_hal_gpio.o
                                                  build/debug/stm32f4xx_hal_rcc.o
                                                  build/debug/stm32f4xx_hal_msp.o
                                                  build/debug/main.o
HAL_GPIO_LockPin                                  build/debug/stm32f4xx_hal_gpio.o
HAL_GPIO_ReadPin                                  build/debug/stm32f4xx_hal_gpio.o
HAL_GPIO_TogglePin                                build/debug/stm32f4xx_hal_gpio.o
HAL_GPIO_WritePin                                 build/debug/stm32f4xx_hal_gpio.o
                                                  build/debug/main.o
HAL_GetDEVID                                      build/debug/stm32f4xx_hal.o
HAL_GetHalVersion                                 build/debug/stm32f4xx_hal.o
HAL_GetREVID                                      build/debug/stm32f4xx_hal.o
HAL_GetTick                                       build/debug/stm32f4xx_hal.o
                                                  build/debug/stm32f4xx_hal_rcc_ex.o
                                                  build/debug/stm32f4xx_hal_rcc.o
                                                  build/debug/stm32f4xx_hal_pwr_ex.o
                                                  build/debug/stm32f4xx_hal_flash.o
                                                  build/debug/stm32f4xx_hal_dma.o
                                                  build/debug/main.o
HAL_GetTickFreq                                   build/debug/stm32f4xx_hal.o
HAL_GetTickPrio                                   build/debug/stm32f4xx_hal.o
HAL_GetUIDw0                                      build/debug/stm32f4xx_hal.o
HAL_GetUIDw1                                      build/debug/stm32f4xx_hal.o
HAL_GetUIDw2                                      build/debug/stm32f4xx_hal.o
HAL_IncTick                                       build/debug/stm32f4xx_hal.o
                                                  build/debug/stm32f4xx_it.o
HAL_Init                                          build/debug/stm32f4xx_hal.o
                                                  build/debug/main.o
HAL_InitTick                                      build/debug/stm32f4xx_hal.o
                                                  build/debug/stm32f4xx_hal_rcc_ex.o
                                                  build/debug/stm32f4xx_hal_rcc.o
HAL_MPU_ConfigRegion                              build/debug/stm32f4xx_hal_cortex.o
HAL_MPU_Disable                                   build/debug/stm32f4xx_hal_cortex.o
HAL_MPU_DisableRegion                             build/debug/stm32f4xx_hal_cortex.o
HAL_MPU_Enable                                    build/debug/stm32f4xx_hal_cortex.o
HAL_MPU_EnableRegion                              build/debug/stm32f4xx_hal_cortex.o
HAL_MspDeInit                                     build/debug/stm32f4xx_hal.o
HAL_MspInit                                       build/debug/stm32f4xx_hal_msp.o
                                                  build/debug/stm32f4xx_hal.o
HAL_NVIC_ClearPendingIRQ                          build/debug/stm32f4xx_hal_cortex.o
HAL_NVIC_DisableIRQ                               build/debug/stm32f4xx_hal_cortex.o
HAL_NVIC_EnableIRQ                                build/debug/stm32f4xx_hal_cortex.o
                                                  build/debug/main.o
HAL_NVIC_GetActive                                build/debug/stm32f4xx_hal_cortex.o
HAL_NVIC_GetPendingIRQ                            build/debug/stm32f4xx_hal_cortex.o
HAL_NVIC_GetPriority                              build/debug/stm32f4xx_hal_cortex.o
HAL_NVIC_GetPriorityGrouping                      build/debug/stm32f4xx_hal_cortex.o
HAL_NVIC_SetPendingIRQ                            build/debug/stm32f4xx_hal_cortex.o
HAL_NVIC_SetPriority                              build/debug/stm32f4xx_hal_cortex.o
                                                  build/debug/stm32f4xx_hal.o
                                                  build/debug/main.o
HAL_NVIC_SetPriorityGrouping                      build/debug/stm32f4xx_hal_cortex.o
                                                  build/debug/stm32f4xx_hal.o
HAL_NVIC_SystemReset                              build/debug/stm32f4xx_hal_cortex.o
HAL_PWREx_ControlVoltageScaling                   build/debug/stm32f4xx_hal_pwr_ex.o
HAL_PWREx_DisableBkUpReg                          build/debug/stm32f4xx_hal_pwr_ex.o
HAL_PWREx_DisableFlashPowerDown                   build/debug/stm32f4xx_hal_pwr_ex.o
HAL_PWREx_DisableOverDrive                        build/debug/stm32f4xx_hal_pwr_ex.o
HAL_PWREx_EnableBkUpReg                           build/debug/stm32f4xx_hal_pwr_ex.o
HAL_PWREx_EnableFlashPowerDown                    build/debug/stm32f4xx_hal_pwr_ex.o
HAL_PWREx_EnableOverDrive                         build/debug/stm32f4xx_hal_pwr_ex.o
HAL_PWREx_EnterUnderDriveSTOPMode                 build/debug/stm32f4xx_hal_pwr_ex.o
HAL_PWREx_GetVoltageRange                         build/debug/stm32f4xx_hal_pwr_ex.o
HAL_PWR_ConfigPVD                                 build/debug/stm32f4xx_hal_pwr.o
HAL_PWR_DeInit                                    build/debug/stm32f4xx_hal_pwr.o
HAL_PWR_DisableBkUpAccess                         build/debug/stm32f4xx_hal_pwr.o
HAL_PWR_DisablePVD                                build/debug/stm32f4xx_hal_pwr.o
HAL_PWR_DisableSEVOnPend                          build/debug/stm32f4xx_hal_pwr.o
HAL_PWR_DisableSleepOnExit                        build/debug/stm32f4xx_hal_pwr.o
HAL_PWR_DisableWakeUpPin                          build/debug/stm32f4xx_hal_pwr.o
HAL_PWR_EnableBkUpAccess                          build/debug/stm32f4xx_hal_pwr.o
HAL_PWR_EnablePVD                                 build/debug/stm32f4xx_hal_pwr.o
HAL_PWR_EnableSEVOnPend                           build/debug/stm32f4xx_hal_pwr.o
HAL_PWR_EnableSleepOnExit                         build/debug/stm32f4xx_hal_pwr.o
HAL_PWR_EnableWakeUpPin                           build/debug/stm32f4xx_hal_pwr.o
HAL_PWR_EnterSLEEPMode                            build/debug/stm32f4xx_hal_pwr.o
HAL_PWR_EnterSTANDBYMode                          build/debug/stm32f4xx_hal_pwr.o
HAL_PWR_EnterSTOPMode                             build/debug/stm32f4xx_hal_pwr.o
HAL_PWR_PVDCallback                               build/debug/stm32f4xx_hal_pwr.o
HAL_PWR_PVD_IRQHandler                            build/debug/stm32f4xx_hal_pwr.o
HAL_RCCEx_DisablePLLI2S                           build/debug/stm32f4xx_hal_rcc_ex.o
HAL_RCCEx_DisablePLLSAI                           build/debug/stm32f4xx_hal_rcc_ex.o
HAL_RCCEx_EnablePLLI2S                            build/debug/stm32f4xx_hal_rcc_ex.o
HAL_RCCEx_EnablePLLSAI                            build/debug/stm32f4xx_hal_rcc_ex.o
HAL_RCCEx_GetPeriphCLKConfig                      build/debug/stm32f4xx_hal_rcc_ex.o
HAL_RCCEx_GetPeriphCLKFreq                        build/debug/stm32f4xx_hal_rcc_ex.o
HAL_RCCEx_PeriphCLKConfig                         build/debug/stm32f4xx_hal_rcc_ex.o
HAL_RCCEx_SelectLSEMode                           build/debug/stm32f4xx_hal_rcc_ex.o
HAL_RCC_CSSCallback                               build/debug/stm32f4xx_hal_rcc.o
HAL_RCC_ClockConfig                               build/debug/stm32f4xx_hal_rcc.o
                                                  build/debug/main.o
HAL_RCC_DeInit                                    build/debug/stm32f4xx_hal_rcc_ex.o
                                                  build/debug/stm32f4xx_hal_rcc.o
HAL_RCC_DisableCSS                                build/debug/stm32f4xx_hal_rcc.o
HAL_RCC_EnableCSS                                 build/debug/stm32f4xx_hal_rcc.o
HAL_RCC_GetClockConfig                            build/debug/stm32f4xx_hal_rcc.o
HAL_RCC_GetHCLKFreq                               build/debug/stm32f4xx_hal_rcc.o
HAL_RCC_GetOscConfig                              build/debug/stm32f4xx_hal_rcc_ex.o
                                                  build/debug/stm32f4xx_hal_rcc.o
HAL_RCC_GetPCLK1Freq                              build/debug/stm32f4xx_hal_rcc.o
HAL_RCC_GetPCLK2Freq                              build/debug/stm32f4xx_hal_rcc.o
HAL_RCC_GetSysClockFreq                           build/debug/stm32f4xx_hal_rcc_ex.o
                                                  build/debug/stm32f4xx_hal_rcc.o
HAL_RCC_MCOConfig                                 build/debug/stm32f4xx_hal_rcc.o
HAL_RCC_NMI_IRQHandler                            build/debug/stm32f4xx_hal_rcc.o
HAL_RCC_OscConfig                                 build/debug/stm32f4xx_hal_rcc_ex.o
                                                  build/debug/stm32f4xx_hal_rcc.o
                                                  build/debug/main.o
HAL_ResumeTick                                    build/debug/stm32f4xx_hal.o
HAL_SYSTICK_CLKSourceConfig                       build/debug/stm32f4xx_hal_cortex.o
HAL_SYSTICK_Callback                              build/debug/stm32f4xx_hal_cortex.o
HAL_SYSTICK_Config                                build/debug/stm32f4xx_hal_cortex.o
                                                  build/debug/stm32f4xx_hal.o
HAL_SYSTICK_IRQHandler                            build/debug/stm32f4xx_hal_cortex.o
HAL_SetTickFreq                                   build/debug/stm32f4xx_hal.o
HAL_SuspendTick                                   build/debug/stm32f4xx_hal.o
HAL_TIMEx_BreakCallback                           build/debug/stm32f4xx_hal_tim_ex.o
                                                  build/debug/stm32f4xx_hal_tim.o
HAL_TIMEx_CommutCallback                          build/debug/stm32f4xx_hal_tim_ex.o
                                                  build/debug/stm32f4xx_hal_tim.o
HAL_TIMEx_CommutHalfCpltCallback                  build/debug/stm32f4xx_hal_tim_ex.o
HAL_TIMEx_ConfigBreakDeadTime                     build/debug/stm32f4xx_hal_tim_ex.o
HAL_TIMEx_ConfigCommutEvent                       build/debug/stm32f4xx_hal_tim_ex.o
HAL_TIMEx_ConfigCommutEvent_DMA                   build/debug/stm32f4xx_hal_tim_ex.o
HAL_TIMEx_ConfigCommutEvent_IT                    build/debug/stm32f4xx_hal_tim_ex.o
HAL_TIMEx_GetChannelNState                        build/debug/stm32f4xx_hal_tim_ex.o
HAL_TIMEx_HallSensor_DeInit                       build/debug/stm32f4xx_hal_tim_ex.o
HAL_TIMEx_HallSensor_GetState                     build/debug/stm32f4xx_hal_tim_ex.o
HAL_TIMEx_HallSensor_Init                         build/debug/stm32f4xx_hal_tim_ex.o
HAL_TIMEx_HallSensor_MspDeInit                    build/debug/stm32f4xx_hal_tim_ex.o
HAL_TIMEx_HallSensor_MspInit                      build/debug/stm32f4xx_hal_tim_ex.o
HAL_TIMEx_HallSensor_Start                        build/debug/stm32f4xx_hal_tim_ex.o
HAL_TIMEx_HallSensor_Start_DMA                    build/debug/stm32f4xx_hal_tim_ex.o
HAL_TIMEx_HallSensor_Start_IT                     build/debug/stm32f4xx_hal_tim_ex.o
HAL_TIMEx_HallSensor_Stop                         build/debug/stm32f4xx_hal_tim_ex.o
HAL_TIMEx_HallSensor_Stop_DMA                     build/debug/stm32f4xx_hal_tim_ex.o
HAL_TIMEx_HallSensor_Stop_IT                      build/debug/stm32f4xx_hal_tim_ex.o
HAL_TIMEx_MasterConfigSynchronization             build/debug/stm32f4xx_hal_tim_ex.o
                                                  build/debug/main.o
HAL_TIMEx_OCN_Start                               build/debug/stm32f4xx_hal_tim_ex.o
HAL_TIMEx_OCN_Start_DMA                           build/debug/stm32f4xx_hal_tim_ex.o
HAL_TIMEx_OCN_Start_IT                            build/debug/stm32f4xx_hal_tim_ex.o
HAL_TIMEx_OCN_Stop                                build/debug/stm32f4xx_hal_tim_ex.o
HAL_TIMEx_OCN_Stop_DMA                            build/debug/stm32f4xx_hal_tim_ex.o
HAL_TIMEx_OCN_Stop_IT                             build/debug/stm32f4xx_hal_tim_ex.o
HAL_TIMEx_OnePulseN_Start                         build/debug/stm32f4xx_hal_tim_ex.o
HAL_TIMEx_OnePulseN_Start_IT                      build/debug/stm32f4xx_hal_tim_ex.o
HAL_TIMEx_OnePulseN_Stop                          build/debug/stm32f4xx_hal_tim_ex.o
HAL_TIMEx_OnePulseN_Stop_IT                       build/debug/stm32f4xx_hal_tim_ex.o
HAL_TIMEx_PWMN_Start                              build/debug/stm32f4xx_hal_tim_ex.o
HAL_TIMEx_PWMN_Start_DMA                          build/debug/stm32f4xx_hal_tim_ex.o
HAL_TIMEx_PWMN_Start_IT                           build/debug/stm32f4xx_hal_tim_ex.o
HAL_TIMEx_PWMN_Stop                               build/debug/stm32f4xx_hal_tim_ex.o
HAL_TIMEx_PWMN_Stop_DMA                           build/debug/stm32f4xx_hal_tim_ex.o
HAL_TIMEx_PWMN_Stop_IT                            build/debug/stm32f4xx_hal_tim_ex.o
HAL_TIMEx_RemapConfig                             build/debug/stm32f4xx_hal_tim_ex.o
HAL_TIM_Base_DeInit                               build/debug/stm32f4xx_hal_tim.o
HAL_TIM_Base_GetState                             build/debug/stm32f4xx_hal_tim.o
HAL_TIM_Base_Init                                 build/debug/stm32f4xx_hal_tim.o
                                                  build/debug/main.o
HAL_TIM_Base_MspDeInit                            build/debug/stm32f4xx_hal_msp.o
HAL_TIM_Base_MspInit                              build/debug/stm32f4xx_hal_msp.o
HAL_TIM_Base_Start                                build/debug/stm32f4xx_hal_tim.o
HAL_TIM_Base_Start_DMA                            build/debug/stm32f4xx_hal_tim.o
HAL_TIM_Base_Start_IT                             build/debug/stm32f4xx_hal_tim.o
HAL_TIM_Base_Stop                                 build/debug/stm32f4xx_hal_tim.o
HAL_TIM_Base_Stop_DMA                             build/debug/stm32f4xx_hal_tim.o
HAL_TIM_Base_Stop_IT                              build/debug/stm32f4xx_hal_tim.o
HAL_TIM_ConfigClockSource                         build/debug/stm32f4xx_hal_tim.o
                                                  build/debug/main.o
HAL_TIM_ConfigOCrefClear                          build/debug/stm32f4xx_hal_tim.o
HAL_TIM_ConfigTI1Input                            build/debug/stm32f4xx_hal_tim.o
HAL_TIM_DMABurstState                             build/debug/stm32f4xx_hal_tim.o
HAL_TIM_DMABurst_MultiReadStart                   build/debug/stm32f4xx_hal_tim.o
HAL_TIM_DMABurst_MultiWriteStart                  build/debug/stm32f4xx_hal_tim.o
HAL_TIM_DMABurst_ReadStart                        build/debug/stm32f4xx_hal_tim.o
HAL_TIM_DMABurst_ReadStop                         build/debug/stm32f4xx_hal_tim.o
HAL_TIM_DMABurst_WriteStart                       build/debug/stm32f4xx_hal_tim.o
HAL_TIM_DMABurst_WriteStop                        build/debug/stm32f4xx_hal_tim.o
HAL_TIM_Encoder_DeInit                            build/debug/stm32f4xx_hal_tim.o
HAL_TIM_Encoder_GetState                          build/debug/stm32f4xx_hal_tim.o
HAL_TIM_Encoder_Init                              build/debug/stm32f4xx_hal_tim.o
HAL_TIM_Encoder_MspDeInit                         build/debug/stm32f4xx_hal_tim.o
HAL_TIM_Encoder_MspInit                           build/debug/stm32f4xx_hal_tim.o
HAL_TIM_Encoder_Start                             build/debug/stm32f4xx_hal_tim.o
HAL_TIM_Encoder_Start_DMA                         build/debug/stm32f4xx_hal_tim.o
HAL_TIM_Encoder_Start_IT                          build/debug/stm32f4xx_hal_tim.o
HAL_TIM_Encoder_Stop                              build/debug/stm32f4xx_hal_tim.o
HAL_TIM_Encoder_Stop_DMA                          build/debug/stm32f4xx_hal_tim.o
HAL_TIM_Encoder_Stop_IT                           build/debug/stm32f4xx_hal_tim.o
HAL_TIM_ErrorCallback                             build/debug/stm32f4xx_hal_tim.o
                                                  build/debug/stm32f4xx_hal_tim_ex.o
HAL_TIM_GenerateEvent                             build/debug/stm32f4xx_hal_tim.o
HAL_TIM_GetActiveChannel                          build/debug/stm32f4xx_hal_tim.o
HAL_TIM_GetChannelState                           build/debug/stm32f4xx_hal_tim.o
HAL_TIM_IC_CaptureCallback                        build/debug/stm32f4xx_hal_tim.o
HAL_TIM_IC_CaptureHalfCpltCallback                build/debug/stm32f4xx_hal_tim.o
HAL_TIM_IC_ConfigChannel                          build/debug/stm32f4xx_hal_tim.o
HAL_TIM_IC_DeInit                                 build/debug/stm32f4xx_hal_tim.o
HAL_TIM_IC_GetState                               build/debug/stm32f4xx_hal_tim.o
HAL_TIM_IC_Init                                   build/debug/stm32f4xx_hal_tim.o
HAL_TIM_IC_MspDeInit                              build/debug/stm32f4xx_hal_tim.o
HAL_TIM_IC_MspInit                                build/debug/stm32f4xx_hal_tim.o
HAL_TIM_IC_Start                                  build/debug/stm32f4xx_hal_tim.o
HAL_TIM_IC_Start_DMA                              build/debug/stm32f4xx_hal_tim.o
HAL_TIM_IC_Start_IT                               build/debug/stm32f4xx_hal_tim.o
HAL_TIM_IC_Stop                                   build/debug/stm32f4xx_hal_tim.o
HAL_TIM_IC_Stop_DMA                               build/debug/stm32f4xx_hal_tim.o
HAL_TIM_IC_Stop_IT                                build/debug/stm32f4xx_hal_tim.o
HAL_TIM_IRQHandler                                build/debug/stm32f4xx_hal_tim.o
HAL_TIM_MspPostInit                               build/debug/stm32f4xx_hal_msp.o
                                                  build/debug/main.o
HAL_TIM_OC_ConfigChannel                          build/debug/stm32f4xx_hal_tim.o
                                                  build/debug/main.o
HAL_TIM_OC_DeInit                                 build/debug/stm32f4xx_hal_tim.o
HAL_TIM_OC_DelayElapsedCallback                   build/debug/stm32f4xx_hal_tim.o
HAL_TIM_OC_GetState                               build/debug/stm32f4xx_hal_tim.o
HAL_TIM_OC_Init                                   build/debug/stm32f4xx_hal_tim.o
                                                  build/debug/main.o
HAL_TIM_OC_MspDeInit                              build/debug/stm32f4xx_hal_tim.o
HAL_TIM_OC_MspInit                                build/debug/stm32f4xx_hal_tim.o
HAL_TIM_OC_Start                                  build/debug/stm32f4xx_hal_tim.o
                                                  build/debug/main.o
HAL_TIM_OC_Start_DMA                              build/debug/stm32f4xx_hal_tim.o
HAL_TIM_OC_Start_IT                               build/debug/stm32f4xx_hal_tim.o
HAL_TIM_OC_Stop                                   build/debug/stm32f4xx_hal_tim.o
HAL_TIM_OC_Stop_DMA                               build/debug/stm32f4xx_hal_tim.o
HAL_TIM_OC_Stop_IT                                build/debug/stm32f4xx_hal_tim.o
HAL_TIM_OnePulse_ConfigChannel                    build/debug/stm32f4xx_hal_tim.o
HAL_TIM_OnePulse_DeInit                           build/debug/stm32f4xx_hal_tim.o
HAL_TIM_OnePulse_GetState                         build/debug/stm32f4xx_hal_tim.o
HAL_TIM_OnePulse_Init                             build/debug/stm32f4xx_hal_tim.o
HAL_TIM_OnePulse_MspDeInit                        build/debug/stm32f4xx_hal_tim.o
HAL_TIM_OnePulse_MspInit                          build/debug/stm32f4xx_hal_tim.o
HAL_TIM_OnePulse_Start                            build/debug/stm32f4xx_hal_tim.o
HAL_TIM_OnePulse_Start_IT                         build/debug/stm32f4xx_hal_tim.o
HAL_TIM_OnePulse_Stop                             build/debug/stm32f4xx_hal_tim.o
HAL_TIM_OnePulse_Stop_IT                          build/debug/stm32f4xx_hal_tim.o
HAL_TIM_PWM_ConfigChannel                         build/debug/stm32f4xx_hal_tim.o
                                                  build/debug/main.o
HAL_TIM_PWM_DeInit                                build/debug/stm32f4xx_hal_tim.o
HAL_TIM_PWM_GetState                              build/debug/stm32f4xx_hal_tim.o
HAL_TIM_PWM_Init                                  build/debug/stm32f4xx_hal_tim.o
                                                  build/debug/main.o
HAL_TIM_PWM_MspDeInit                             build/debug/stm32f4xx_hal_tim.o
HAL_TIM_PWM_MspInit                               build/debug/stm32f4xx_hal_tim.o
HAL_TIM_PWM_PulseFinishedCallback                 build/debug/stm32f4xx_hal_tim.o
                                                  build/debug/stm32f4xx_hal_tim_ex.o
HAL_TIM_PWM_PulseFinishedHalfCpltCallback         build/debug/stm32f4xx_hal_tim.o
HAL_TIM_PWM_Start                                 build/debug/stm32f4xx_hal_tim.o
                                                  build/debug/main.o
HAL_TIM_PWM_Start_DMA                             build/debug/stm32f4xx_hal_tim.o
HAL_TIM_PWM_Start_IT                              build/debug/stm32f4xx_hal_tim.o
HAL_TIM_PWM_Stop                                  build/debug/stm32f4xx_hal_tim.o
HAL_TIM_PWM_Stop_DMA                              build/debug/stm32f4xx_hal_tim.o
HAL_TIM_PWM_Stop_IT                               build/debug/stm32f4xx_hal_tim.o
HAL_TIM_PeriodElapsedCallback                     build/debug/stm32f4xx_hal_tim.o
HAL_TIM_PeriodElapsedHalfCpltCallback             build/debug/stm32f4xx_hal_tim.o
HAL_TIM_ReadCapturedValue                         build/debug/stm32f4xx_hal_tim.o
HAL_TIM_SlaveConfigSynchro                        build/debug/stm32f4xx_hal_tim.o
HAL_TIM_SlaveConfigSynchro_IT                     build/debug/stm32f4xx_hal_tim.o
HAL_TIM_TriggerCallback                           build/debug/stm32f4xx_hal_tim.o
HAL_TIM_TriggerHalfCpltCallback                   build/debug/stm32f4xx_hal_tim.o
HardFault_Handler                                 build/debug/stm32f4xx_it.o
I2C1_ER_IRQHandler                                build/debug/startup_stm32f446xx.o
I2C1_EV_IRQHandler                                build/debug/startup_stm32f446xx.o
I2C2_ER_IRQHandler                                build/debug/startup_stm32f446xx.o
I2C2_EV_IRQHandler                                build/debug/startup_stm32f446xx.o
I2C3_ER_IRQHandler                                build/debug/startup_stm32f446xx.o
I2C3_EV_IRQHandler                                build/debug/startup_stm32f446xx.o
MemManage_Handler                                 build/debug/stm32f4xx_it.o
NMI_Handler                                       build/debug/stm32f4xx_it.o
OTG_FS_IRQHandler                                 build/debug/startup_stm32f446xx.o
OTG_FS_WKUP_IRQHandler                            build/debug/startup_stm32f446xx.o
OTG_HS_EP1_IN_IRQHandler                          build/debug/startup_stm32f446xx.o
OTG_HS_EP1_OUT_IRQHandler                         build/debug/startup_stm32f446xx.o
OTG_HS_IRQHandler                                 build/debug/startup_stm32f446xx.o
OTG_HS_WKUP_IRQHandler                            build/debug/startup_stm32f446xx.o
PVD_IRQHandler                                    build/debug/startup_stm32f446xx.o
PendSV_Handler                                    build/debug/stm32f4xx_it.o
Piano_LUT                                         build/debug/main.o
QUADSPI_IRQHandler                                build/debug/startup_stm32f446xx.o
RCC_IRQHandler                                    build/debug/startup_stm32f446xx.o
RTC_Alarm_IRQHandler                              build/debug/startup_stm32f446xx.o
RTC_WKUP_IRQHandler                               build/debug/startup_stm32f446xx.o
Reset_Handler                                     build/debug/startup_stm32f446xx.o
SAI1_IRQHandler                                   build/debug/startup_stm32f446xx.o
SAI2_IRQHandler                                   build/debug/startup_stm32f446xx.o
SDIO_IRQHandler                                   build/debug/startup_stm32f446xx.o
SPDIF_RX_IRQHandler                               build/debug/startup_stm32f446xx.o
SPI1_IRQHandler                                   build/debug/startup_stm32f446xx.o
SPI2_IRQHandler                                   build/debug/startup_stm32f446xx.o
SPI3_IRQHandler                                   build/debug/startup_stm32f446xx.o
SPI4_IRQHandler                                   build/debug/startup_stm32f446xx.o
SVC_Handler                                       build/debug/stm32f4xx_it.o
Saw_LUT                                           build/debug/main.o
Sin_LUT                                           build/debug/main.o
SysTick_Handler                                   build/debug/stm32f4xx_it.o
SystemClock_Config                                build/debug/main.o
SystemCoreClock                                   build/debug/system_stm32f4xx.o
                                                  build/debug/stm32f4xx_hal_rcc_ex.o
                                                  build/debug/stm32f4xx_hal_rcc.o
                                                  build/debug/stm32f4xx_hal_dma.o
                                                  build/debug/stm32f4xx_hal.o
SystemCoreClockUpdate                             build/debug/system_stm32f4xx.o
SystemInit                                        build/debug/system_stm32f4xx.o
                                                  build/debug/startup_stm32f446xx.o
TAMP_STAMP_IRQHandler                             build/debug/startup_stm32f446xx.o
TIM1_BRK_TIM9_IRQHandler                          build/debug/startup_stm32f446xx.o
TIM1_CC_IRQHandler                                build/debug/startup_stm32f446xx.o
TIM1_TRG_COM_TIM11_IRQHandler                     build/debug/startup_stm32f446xx.o
TIM1_UP_TIM10_IRQHandler                          build/debug/startup_stm32f446xx.o
TIM2_IRQHandler                                   build/debug/startup_stm32f446xx.o
TIM2_Ticks                                        build/debug/main.o
TIM3_IRQHandler                                   build/debug/startup_stm32f446xx.o
TIM4_IRQHandler                                   build/debug/startup_stm32f446xx.o
TIM5_IRQHandler                                   build/debug/startup_stm32f446xx.o
TIM6_DAC_IRQHandler                               build/debug/startup_stm32f446xx.o
TIM7_IRQHandler                                   build/debug/startup_stm32f446xx.o
TIM8_BRK_TIM12_IRQHandler                         build/debug/startup_stm32f446xx.o
TIM8_CC_IRQHandler                                build/debug/startup_stm32f446xx.o
TIM8_TRG_COM_TIM14_IRQHandler                     build/debug/startup_stm32f446xx.o
TIM8_UP_TIM13_IRQHandler                          build/debug/startup_stm32f446xx.o
TIMEx_DMACommutationCplt                          build/debug/stm32f4xx_hal_tim_ex.o
                                                  build/debug/stm32f4xx_hal_tim.o
TIMEx_DMACommutationHalfCplt                      build/debug/stm32f4xx_hal_tim_ex.o
                                                  build/debug/stm32f4xx_hal_tim.o
TIM_Base_SetConfig                                build/debug/stm32f4xx_hal_tim.o
                                                  build/debug/stm32f4xx_hal_tim_ex.o
TIM_CCxChannelCmd                                 build/debug/stm32f4xx_hal_tim.o
                                                  build/debug/stm32f4xx_hal_tim_ex.o
TIM_DMACaptureCplt                                build/debug/stm32f4xx_hal_tim.o
                                                  build/debug/stm32f4xx_hal_tim_ex.o
TIM_DMACaptureHalfCplt                            build/debug/stm32f4xx_hal_tim.o
                                                  build/debug/stm32f4xx_hal_tim_ex.o
TIM_DMADelayPulseHalfCplt                         build/debug/stm32f4xx_hal_tim.o
                                                  build/debug/stm32f4xx_hal_tim_ex.o
TIM_DMAError                                      build/debug/stm32f4xx_hal_tim.o
                                                  build/debug/stm32f4xx_hal_tim_ex.o
TIM_ETR_SetConfig                                 build/debug/stm32f4xx_hal_tim.o
TIM_OC2_SetConfig                                 build/debug/stm32f4xx_hal_tim.o
                                                  build/debug/stm32f4xx_hal_tim_ex.o
TIM_TI1_SetConfig                                 build/debug/stm32f4xx_hal_tim.o
                                                  build/debug/stm32f4xx_hal_tim_ex.o
Triangle_LUT                                      build/debug/main.o
UART4_IRQHandler                                  build/debug/startup_stm32f446xx.o
UART5_IRQHandler                                  build/debug/startup_stm32f446xx.o
USART1_IRQHandler                                 build/debug/startup_stm32f446xx.o
USART2_IRQHandler                                 build/debug/startup_stm32f446xx.o
USART3_IRQHandler                                 build/debug/startup_stm32f446xx.o
USART6_IRQHandler                                 build/debug/startup_stm32f446xx.o
UsageFault_Handler                                build/debug/stm32f4xx_it.o
WWDG_IRQHandler                                   build/debug/startup_stm32f446xx.o
_Min_Stack_Size                                   build/debug/sysmem.o
__aeabi_idiv0                                     c:/Users/nhlan/AppData/Roaming/Code/User/globalStorage/bmd.stm32-for-vscode/@xpack-dev-tools/arm-none-eabi-gcc/14.2.1-1.1.1/.content/bin/../lib/gcc/arm-none-eabi/14.2.1/thumb/v7e-m+fp/hard\libgcc.a(_dvmd_tls.o)
__aeabi_ldiv0                                     c:/Users/nhlan/AppData/Roaming/Code/User/globalStorage/bmd.stm32-for-vscode/@xpack-dev-tools/arm-none-eabi-gcc/14.2.1-1.1.1/.content/bin/../lib/gcc/arm-none-eabi/14.2.1/thumb/v7e-m+fp/hard\libgcc.a(_dvmd_tls.o)
                                                  c:/Users/nhlan/AppData/Roaming/Code/User/globalStorage/bmd.stm32-for-vscode/@xpack-dev-tools/arm-none-eabi-gcc/14.2.1-1.1.1/.content/bin/../lib/gcc/arm-none-eabi/14.2.1/thumb/v7e-m+fp/hard\libgcc.a(_aeabi_uldivmod.o)
__aeabi_uldivmod                                  c:/Users/nhlan/AppData/Roaming/Code/User/globalStorage/bmd.stm32-for-vscode/@xpack-dev-tools/arm-none-eabi-gcc/14.2.1-1.1.1/.content/bin/../lib/gcc/arm-none-eabi/14.2.1/thumb/v7e-m+fp/hard\libgcc.a(_aeabi_uldivmod.o)
                                                  build/debug/stm32f4xx_hal_rcc_ex.o
                                                  build/debug/stm32f4xx_hal_rcc.o
__atexit                                          c:/Users/nhlan/AppData/Roaming/Code/User/globalStorage/bmd.stm32-for-vscode/@xpack-dev-tools/arm-none-eabi-gcc/14.2.1-1.1.1/.content/bin/../lib/gcc/arm-none-eabi/14.2.1/../../../../arm-none-eabi/lib/thumb/v7e-m+fp/hard\libc_nano.a(libc_a-__call_atexit.o)
                                                  c:/Users/nhlan/AppData/Roaming/Code/User/globalStorage/bmd.stm32-for-vscode/@xpack-dev-tools/arm-none-eabi-gcc/14.2.1-1.1.1/.content/bin/../lib/gcc/arm-none-eabi/14.2.1/../../../../arm-none-eabi/lib/thumb/v7e-m+fp/hard\libc_nano.a(libc_a-__atexit.o)